Archive member included to satisfy reference by file (symbol)

c:/st/stm32cubeide_1.10.1/stm32cubeide/plugins/com.st.stm32cube.ide.mcu.externaltools.gnu-tools-for-stm32.10.3-2021.10.win32_1.0.100.202210260954/tools/bin/../lib/gcc/arm-none-eabi/10.3.1/../../../../arm-none-eabi/lib/thumb/v7e-m+fp/hard\libc_nano.a(lib_a-errno.o)
                              ./Src/syscalls.o (__errno)
c:/st/stm32cubeide_1.10.1/stm32cubeide/plugins/com.st.stm32cube.ide.mcu.externaltools.gnu-tools-for-stm32.10.3-2021.10.win32_1.0.100.202210260954/tools/bin/../lib/gcc/arm-none-eabi/10.3.1/../../../../arm-none-eabi/lib/thumb/v7e-m+fp/hard\libc_nano.a(lib_a-exit.o)
                              c:/st/stm32cubeide_1.10.1/stm32cubeide/plugins/com.st.stm32cube.ide.mcu.externaltools.gnu-tools-for-stm32.10.3-2021.10.win32_1.0.100.202210260954/tools/bin/../lib/gcc/arm-none-eabi/10.3.1/../../../../arm-none-eabi/lib/thumb/v7e-m+fp/hard/crt0.o (exit)
c:/st/stm32cubeide_1.10.1/stm32cubeide/plugins/com.st.stm32cube.ide.mcu.externaltools.gnu-tools-for-stm32.10.3-2021.10.win32_1.0.100.202210260954/tools/bin/../lib/gcc/arm-none-eabi/10.3.1/../../../../arm-none-eabi/lib/thumb/v7e-m+fp/hard\libc_nano.a(lib_a-impure.o)
                              c:/st/stm32cubeide_1.10.1/stm32cubeide/plugins/com.st.stm32cube.ide.mcu.externaltools.gnu-tools-for-stm32.10.3-2021.10.win32_1.0.100.202210260954/tools/bin/../lib/gcc/arm-none-eabi/10.3.1/../../../../arm-none-eabi/lib/thumb/v7e-m+fp/hard\libc_nano.a(lib_a-exit.o) (_global_impure_ptr)
c:/st/stm32cubeide_1.10.1/stm32cubeide/plugins/com.st.stm32cube.ide.mcu.externaltools.gnu-tools-for-stm32.10.3-2021.10.win32_1.0.100.202210260954/tools/bin/../lib/gcc/arm-none-eabi/10.3.1/../../../../arm-none-eabi/lib/thumb/v7e-m+fp/hard\libc_nano.a(lib_a-init.o)
                              c:/st/stm32cubeide_1.10.1/stm32cubeide/plugins/com.st.stm32cube.ide.mcu.externaltools.gnu-tools-for-stm32.10.3-2021.10.win32_1.0.100.202210260954/tools/bin/../lib/gcc/arm-none-eabi/10.3.1/../../../../arm-none-eabi/lib/thumb/v7e-m+fp/hard/crt0.o (__libc_init_array)
c:/st/stm32cubeide_1.10.1/stm32cubeide/plugins/com.st.stm32cube.ide.mcu.externaltools.gnu-tools-for-stm32.10.3-2021.10.win32_1.0.100.202210260954/tools/bin/../lib/gcc/arm-none-eabi/10.3.1/../../../../arm-none-eabi/lib/thumb/v7e-m+fp/hard\libc_nano.a(lib_a-memset.o)
                              c:/st/stm32cubeide_1.10.1/stm32cubeide/plugins/com.st.stm32cube.ide.mcu.externaltools.gnu-tools-for-stm32.10.3-2021.10.win32_1.0.100.202210260954/tools/bin/../lib/gcc/arm-none-eabi/10.3.1/../../../../arm-none-eabi/lib/thumb/v7e-m+fp/hard/crt0.o (memset)

Discarded input sections

 .text          0x0000000000000000        0x0 c:/st/stm32cubeide_1.10.1/stm32cubeide/plugins/com.st.stm32cube.ide.mcu.externaltools.gnu-tools-for-stm32.10.3-2021.10.win32_1.0.100.202210260954/tools/bin/../lib/gcc/arm-none-eabi/10.3.1/thumb/v7e-m+fp/hard/crti.o
 .data          0x0000000000000000        0x0 c:/st/stm32cubeide_1.10.1/stm32cubeide/plugins/com.st.stm32cube.ide.mcu.externaltools.gnu-tools-for-stm32.10.3-2021.10.win32_1.0.100.202210260954/tools/bin/../lib/gcc/arm-none-eabi/10.3.1/thumb/v7e-m+fp/hard/crti.o
 .bss           0x0000000000000000        0x0 c:/st/stm32cubeide_1.10.1/stm32cubeide/plugins/com.st.stm32cube.ide.mcu.externaltools.gnu-tools-for-stm32.10.3-2021.10.win32_1.0.100.202210260954/tools/bin/../lib/gcc/arm-none-eabi/10.3.1/thumb/v7e-m+fp/hard/crti.o
 .data          0x0000000000000000        0x4 c:/st/stm32cubeide_1.10.1/stm32cubeide/plugins/com.st.stm32cube.ide.mcu.externaltools.gnu-tools-for-stm32.10.3-2021.10.win32_1.0.100.202210260954/tools/bin/../lib/gcc/arm-none-eabi/10.3.1/thumb/v7e-m+fp/hard/crtbegin.o
 .rodata        0x0000000000000000       0x24 c:/st/stm32cubeide_1.10.1/stm32cubeide/plugins/com.st.stm32cube.ide.mcu.externaltools.gnu-tools-for-stm32.10.3-2021.10.win32_1.0.100.202210260954/tools/bin/../lib/gcc/arm-none-eabi/10.3.1/thumb/v7e-m+fp/hard/crtbegin.o
 .text          0x0000000000000000       0x7c c:/st/stm32cubeide_1.10.1/stm32cubeide/plugins/com.st.stm32cube.ide.mcu.externaltools.gnu-tools-for-stm32.10.3-2021.10.win32_1.0.100.202210260954/tools/bin/../lib/gcc/arm-none-eabi/10.3.1/../../../../arm-none-eabi/lib/thumb/v7e-m+fp/hard/crt0.o
 .data          0x0000000000000000        0x0 c:/st/stm32cubeide_1.10.1/stm32cubeide/plugins/com.st.stm32cube.ide.mcu.externaltools.gnu-tools-for-stm32.10.3-2021.10.win32_1.0.100.202210260954/tools/bin/../lib/gcc/arm-none-eabi/10.3.1/../../../../arm-none-eabi/lib/thumb/v7e-m+fp/hard/crt0.o
 .bss           0x0000000000000000        0x0 c:/st/stm32cubeide_1.10.1/stm32cubeide/plugins/com.st.stm32cube.ide.mcu.externaltools.gnu-tools-for-stm32.10.3-2021.10.win32_1.0.100.202210260954/tools/bin/../lib/gcc/arm-none-eabi/10.3.1/../../../../arm-none-eabi/lib/thumb/v7e-m+fp/hard/crt0.o
 .ARM.extab     0x0000000000000000        0x0 c:/st/stm32cubeide_1.10.1/stm32cubeide/plugins/com.st.stm32cube.ide.mcu.externaltools.gnu-tools-for-stm32.10.3-2021.10.win32_1.0.100.202210260954/tools/bin/../lib/gcc/arm-none-eabi/10.3.1/../../../../arm-none-eabi/lib/thumb/v7e-m+fp/hard/crt0.o
 .ARM.exidx     0x0000000000000000       0x10 c:/st/stm32cubeide_1.10.1/stm32cubeide/plugins/com.st.stm32cube.ide.mcu.externaltools.gnu-tools-for-stm32.10.3-2021.10.win32_1.0.100.202210260954/tools/bin/../lib/gcc/arm-none-eabi/10.3.1/../../../../arm-none-eabi/lib/thumb/v7e-m+fp/hard/crt0.o
 .ARM.attributes
                0x0000000000000000       0x1c c:/st/stm32cubeide_1.10.1/stm32cubeide/plugins/com.st.stm32cube.ide.mcu.externaltools.gnu-tools-for-stm32.10.3-2021.10.win32_1.0.100.202210260954/tools/bin/../lib/gcc/arm-none-eabi/10.3.1/../../../../arm-none-eabi/lib/thumb/v7e-m+fp/hard/crt0.o
 .group         0x0000000000000000        0xc ./Src/00-LIB/Software_Delay.o
 .group         0x0000000000000000        0xc ./Src/00-LIB/Software_Delay.o
 .text          0x0000000000000000        0x0 ./Src/00-LIB/Software_Delay.o
 .data          0x0000000000000000        0x0 ./Src/00-LIB/Software_Delay.o
 .bss           0x0000000000000000        0x0 ./Src/00-LIB/Software_Delay.o
 .text._delay_ms
                0x0000000000000000       0x34 ./Src/00-LIB/Software_Delay.o
 .debug_info    0x0000000000000000       0xc0 ./Src/00-LIB/Software_Delay.o
 .debug_abbrev  0x0000000000000000       0x83 ./Src/00-LIB/Software_Delay.o
 .debug_aranges
                0x0000000000000000       0x20 ./Src/00-LIB/Software_Delay.o
 .debug_ranges  0x0000000000000000       0x10 ./Src/00-LIB/Software_Delay.o
 .debug_macro   0x0000000000000000       0x24 ./Src/00-LIB/Software_Delay.o
 .debug_macro   0x0000000000000000      0xa7e ./Src/00-LIB/Software_Delay.o
 .debug_macro   0x0000000000000000       0x28 ./Src/00-LIB/Software_Delay.o
 .debug_line    0x0000000000000000       0x9d ./Src/00-LIB/Software_Delay.o
 .debug_str     0x0000000000000000     0x2dcd ./Src/00-LIB/Software_Delay.o
 .comment       0x0000000000000000       0x51 ./Src/00-LIB/Software_Delay.o
 .debug_frame   0x0000000000000000       0x38 ./Src/00-LIB/Software_Delay.o
 .ARM.attributes
                0x0000000000000000       0x34 ./Src/00-LIB/Software_Delay.o
 .group         0x0000000000000000        0xc ./Src/01-MCAL/00-RCC/RCC_program.o
 .group         0x0000000000000000        0xc ./Src/01-MCAL/00-RCC/RCC_program.o
 .group         0x0000000000000000        0xc ./Src/01-MCAL/00-RCC/RCC_program.o
 .group         0x0000000000000000        0xc ./Src/01-MCAL/00-RCC/RCC_program.o
 .group         0x0000000000000000        0xc ./Src/01-MCAL/00-RCC/RCC_program.o
 .group         0x0000000000000000        0xc ./Src/01-MCAL/00-RCC/RCC_program.o
 .text          0x0000000000000000        0x0 ./Src/01-MCAL/00-RCC/RCC_program.o
 .data          0x0000000000000000        0x0 ./Src/01-MCAL/00-RCC/RCC_program.o
 .bss           0x0000000000000000        0x0 ./Src/01-MCAL/00-RCC/RCC_program.o
 .text.RCC_voidPeripheralClockDisable
                0x0000000000000000       0xb4 ./Src/01-MCAL/00-RCC/RCC_program.o
 .debug_macro   0x0000000000000000      0xa7e ./Src/01-MCAL/00-RCC/RCC_program.o
 .group         0x0000000000000000        0xc ./Src/01-MCAL/01-PORT/PORT_program.o
 .group         0x0000000000000000        0xc ./Src/01-MCAL/01-PORT/PORT_program.o
 .group         0x0000000000000000        0xc ./Src/01-MCAL/01-PORT/PORT_program.o
 .group         0x0000000000000000        0xc ./Src/01-MCAL/01-PORT/PORT_program.o
 .group         0x0000000000000000        0xc ./Src/01-MCAL/01-PORT/PORT_program.o
 .group         0x0000000000000000        0xc ./Src/01-MCAL/01-PORT/PORT_program.o
 .text          0x0000000000000000        0x0 ./Src/01-MCAL/01-PORT/PORT_program.o
 .data          0x0000000000000000        0x0 ./Src/01-MCAL/01-PORT/PORT_program.o
 .bss           0x0000000000000000        0x0 ./Src/01-MCAL/01-PORT/PORT_program.o
 .debug_macro   0x0000000000000000      0xa7e ./Src/01-MCAL/01-PORT/PORT_program.o
 .debug_macro   0x0000000000000000       0x28 ./Src/01-MCAL/01-PORT/PORT_program.o
 .debug_macro   0x0000000000000000       0x76 ./Src/01-MCAL/01-PORT/PORT_program.o
 .group         0x0000000000000000        0xc ./Src/01-MCAL/02-GPIO/GPIO_program.o
 .group         0x0000000000000000        0xc ./Src/01-MCAL/02-GPIO/GPIO_program.o
 .group         0x0000000000000000        0xc ./Src/01-MCAL/02-GPIO/GPIO_program.o
 .group         0x0000000000000000        0xc ./Src/01-MCAL/02-GPIO/GPIO_program.o
 .group         0x0000000000000000        0xc ./Src/01-MCAL/02-GPIO/GPIO_program.o
 .text          0x0000000000000000        0x0 ./Src/01-MCAL/02-GPIO/GPIO_program.o
 .data          0x0000000000000000        0x0 ./Src/01-MCAL/02-GPIO/GPIO_program.o
 .bss           0x0000000000000000        0x0 ./Src/01-MCAL/02-GPIO/GPIO_program.o
 .text.GPIO_SetPortValue
                0x0000000000000000       0x64 ./Src/01-MCAL/02-GPIO/GPIO_program.o
 .text.GPIO_GetPinValue
                0x0000000000000000       0xa8 ./Src/01-MCAL/02-GPIO/GPIO_program.o
 .text.GPIO_GetPortValue
                0x0000000000000000       0x74 ./Src/01-MCAL/02-GPIO/GPIO_program.o
 .text.GPIO_SetPinValue_BSRR
                0x0000000000000000       0xb4 ./Src/01-MCAL/02-GPIO/GPIO_program.o
 .debug_macro   0x0000000000000000      0xa7e ./Src/01-MCAL/02-GPIO/GPIO_program.o
 .debug_macro   0x0000000000000000       0x28 ./Src/01-MCAL/02-GPIO/GPIO_program.o
 .debug_macro   0x0000000000000000       0x76 ./Src/01-MCAL/02-GPIO/GPIO_program.o
 .group         0x0000000000000000        0xc ./Src/01-MCAL/03-EXTI/EXTI_program.o
 .group         0x0000000000000000        0xc ./Src/01-MCAL/03-EXTI/EXTI_program.o
 .group         0x0000000000000000        0xc ./Src/01-MCAL/03-EXTI/EXTI_program.o
 .group         0x0000000000000000        0xc ./Src/01-MCAL/03-EXTI/EXTI_program.o
 .group         0x0000000000000000        0xc ./Src/01-MCAL/03-EXTI/EXTI_program.o
 .text          0x0000000000000000        0x0 ./Src/01-MCAL/03-EXTI/EXTI_program.o
 .data          0x0000000000000000        0x0 ./Src/01-MCAL/03-EXTI/EXTI_program.o
 .bss           0x0000000000000000        0x0 ./Src/01-MCAL/03-EXTI/EXTI_program.o
 .text.EXTI_voidInit
                0x0000000000000000       0x70 ./Src/01-MCAL/03-EXTI/EXTI_program.o
 .text.EXTI_voidTriggerSelection
                0x0000000000000000       0x88 ./Src/01-MCAL/03-EXTI/EXTI_program.o
 .text.EXTI_voidEnableEXTI
                0x0000000000000000       0x30 ./Src/01-MCAL/03-EXTI/EXTI_program.o
 .text.EXTI_voidDisableEXTI
                0x0000000000000000       0x30 ./Src/01-MCAL/03-EXTI/EXTI_program.o
 .text.EXTI_voidClearPendingFlag
                0x0000000000000000       0x30 ./Src/01-MCAL/03-EXTI/EXTI_program.o
 .text.EXTI_voidSoftwareTrigger
                0x0000000000000000       0x30 ./Src/01-MCAL/03-EXTI/EXTI_program.o
 .text.EXTI_voidSetCallBack
                0x0000000000000000       0x28 ./Src/01-MCAL/03-EXTI/EXTI_program.o
 .debug_macro   0x0000000000000000      0xa7e ./Src/01-MCAL/03-EXTI/EXTI_program.o
 .debug_macro   0x0000000000000000       0x28 ./Src/01-MCAL/03-EXTI/EXTI_program.o
 .debug_macro   0x0000000000000000       0x76 ./Src/01-MCAL/03-EXTI/EXTI_program.o
 .group         0x0000000000000000        0xc ./Src/01-MCAL/04-NVIC/NVIC_program.o
 .group         0x0000000000000000        0xc ./Src/01-MCAL/04-NVIC/NVIC_program.o
 .group         0x0000000000000000        0xc ./Src/01-MCAL/04-NVIC/NVIC_program.o
 .group         0x0000000000000000        0xc ./Src/01-MCAL/04-NVIC/NVIC_program.o
 .group         0x0000000000000000        0xc ./Src/01-MCAL/04-NVIC/NVIC_program.o
 .text          0x0000000000000000        0x0 ./Src/01-MCAL/04-NVIC/NVIC_program.o
 .data          0x0000000000000000        0x0 ./Src/01-MCAL/04-NVIC/NVIC_program.o
 .bss           0x0000000000000000        0x0 ./Src/01-MCAL/04-NVIC/NVIC_program.o
 .bss.GlobalStatic_32GroupConfig
                0x0000000000000000        0x4 ./Src/01-MCAL/04-NVIC/NVIC_program.o
 .text.NVIC_voidEnableInterrupt
                0x0000000000000000       0x38 ./Src/01-MCAL/04-NVIC/NVIC_program.o
 .text.NVIC_voidDisableInterrupt
                0x0000000000000000       0x3c ./Src/01-MCAL/04-NVIC/NVIC_program.o
 .text.NVIC_voidSetPendingFlag
                0x0000000000000000       0x3c ./Src/01-MCAL/04-NVIC/NVIC_program.o
 .text.NVIC_voidClearPendingFlag
                0x0000000000000000       0x3c ./Src/01-MCAL/04-NVIC/NVIC_program.o
 .text.NVIC_u8GetActiveFlag
                0x0000000000000000       0x4c ./Src/01-MCAL/04-NVIC/NVIC_program.o
 .text.NVIC_voidSetPriorityConfig
                0x0000000000000000       0x28 ./Src/01-MCAL/04-NVIC/NVIC_program.o
 .text.NVIC_voidSetPriority
                0x0000000000000000       0xbc ./Src/01-MCAL/04-NVIC/NVIC_program.o
 .debug_info    0x0000000000000000      0x566 ./Src/01-MCAL/04-NVIC/NVIC_program.o
 .debug_abbrev  0x0000000000000000      0x167 ./Src/01-MCAL/04-NVIC/NVIC_program.o
 .debug_aranges
                0x0000000000000000       0x50 ./Src/01-MCAL/04-NVIC/NVIC_program.o
 .debug_ranges  0x0000000000000000       0x40 ./Src/01-MCAL/04-NVIC/NVIC_program.o
 .debug_macro   0x0000000000000000       0x3f ./Src/01-MCAL/04-NVIC/NVIC_program.o
 .debug_macro   0x0000000000000000      0xa7e ./Src/01-MCAL/04-NVIC/NVIC_program.o
 .debug_macro   0x0000000000000000       0x28 ./Src/01-MCAL/04-NVIC/NVIC_program.o
 .debug_macro   0x0000000000000000       0x76 ./Src/01-MCAL/04-NVIC/NVIC_program.o
 .debug_macro   0x0000000000000000       0x40 ./Src/01-MCAL/04-NVIC/NVIC_program.o
 .debug_macro   0x0000000000000000       0x10 ./Src/01-MCAL/04-NVIC/NVIC_program.o
 .debug_line    0x0000000000000000      0x227 ./Src/01-MCAL/04-NVIC/NVIC_program.o
 .debug_str     0x0000000000000000     0x37ef ./Src/01-MCAL/04-NVIC/NVIC_program.o
 .comment       0x0000000000000000       0x51 ./Src/01-MCAL/04-NVIC/NVIC_program.o
 .debug_frame   0x0000000000000000      0x120 ./Src/01-MCAL/04-NVIC/NVIC_program.o
 .ARM.attributes
                0x0000000000000000       0x34 ./Src/01-MCAL/04-NVIC/NVIC_program.o
 .group         0x0000000000000000        0xc ./Src/01-MCAL/06-USART/USART_program.o
 .group         0x0000000000000000        0xc ./Src/01-MCAL/06-USART/USART_program.o
 .group         0x0000000000000000        0xc ./Src/01-MCAL/06-USART/USART_program.o
 .group         0x0000000000000000        0xc ./Src/01-MCAL/06-USART/USART_program.o
 .group         0x0000000000000000        0xc ./Src/01-MCAL/06-USART/USART_program.o
 .group         0x0000000000000000        0xc ./Src/01-MCAL/06-USART/USART_program.o
 .text          0x0000000000000000        0x0 ./Src/01-MCAL/06-USART/USART_program.o
 .data          0x0000000000000000        0x0 ./Src/01-MCAL/06-USART/USART_program.o
 .bss           0x0000000000000000        0x0 ./Src/01-MCAL/06-USART/USART_program.o
 .text.USART_u8ReadDataRegister
                0x0000000000000000       0x20 ./Src/01-MCAL/06-USART/USART_program.o
 .text.USART_voidReceiveDataNonBlocking
                0x0000000000000000       0x64 ./Src/01-MCAL/06-USART/USART_program.o
 .text.USART1_voidSetCallBack
                0x0000000000000000       0x20 ./Src/01-MCAL/06-USART/USART_program.o
 .text.USART2_voidSetCallBack
                0x0000000000000000       0x20 ./Src/01-MCAL/06-USART/USART_program.o
 .text.USART6_voidSetCallBack
                0x0000000000000000       0x20 ./Src/01-MCAL/06-USART/USART_program.o
 .debug_macro   0x0000000000000000      0xa7e ./Src/01-MCAL/06-USART/USART_program.o
 .debug_macro   0x0000000000000000       0x28 ./Src/01-MCAL/06-USART/USART_program.o
 .debug_macro   0x0000000000000000       0x76 ./Src/01-MCAL/06-USART/USART_program.o
 .group         0x0000000000000000        0xc ./Src/01-MCAL/11-TIMER/TIMER_program.o
 .group         0x0000000000000000        0xc ./Src/01-MCAL/11-TIMER/TIMER_program.o
 .group         0x0000000000000000        0xc ./Src/01-MCAL/11-TIMER/TIMER_program.o
 .group         0x0000000000000000        0xc ./Src/01-MCAL/11-TIMER/TIMER_program.o
 .group         0x0000000000000000        0xc ./Src/01-MCAL/11-TIMER/TIMER_program.o
 .text          0x0000000000000000        0x0 ./Src/01-MCAL/11-TIMER/TIMER_program.o
 .data          0x0000000000000000        0x0 ./Src/01-MCAL/11-TIMER/TIMER_program.o
 .bss           0x0000000000000000        0x0 ./Src/01-MCAL/11-TIMER/TIMER_program.o
 .bss.TIMERx    0x0000000000000000        0x4 ./Src/01-MCAL/11-TIMER/TIMER_program.o
 .text.Timer_voidInit
                0x0000000000000000      0x210 ./Src/01-MCAL/11-TIMER/TIMER_program.o
 .text.Timer_voidSetCallBack
                0x0000000000000000       0x60 ./Src/01-MCAL/11-TIMER/TIMER_program.o
 .text.Timer_Delay_us
                0x0000000000000000       0x40 ./Src/01-MCAL/11-TIMER/TIMER_program.o
 .text.Timer_Delay_ms
                0x0000000000000000       0x30 ./Src/01-MCAL/11-TIMER/TIMER_program.o
 .text.Timer_EnableInputCapture
                0x0000000000000000      0x3a4 ./Src/01-MCAL/11-TIMER/TIMER_program.o
 .text.Timer_GetCCRValue
                0x0000000000000000       0xd8 ./Src/01-MCAL/11-TIMER/TIMER_program.o
 .text.Timer_SetInputCapturePolarity
                0x0000000000000000      0x164 ./Src/01-MCAL/11-TIMER/TIMER_program.o
 .text.Timer_ClearCounter
                0x0000000000000000       0x5c ./Src/01-MCAL/11-TIMER/TIMER_program.o
 .debug_macro   0x0000000000000000      0xa7e ./Src/01-MCAL/11-TIMER/TIMER_program.o
 .debug_macro   0x0000000000000000       0x28 ./Src/01-MCAL/11-TIMER/TIMER_program.o
 .debug_macro   0x0000000000000000       0x76 ./Src/01-MCAL/11-TIMER/TIMER_program.o
 .group         0x0000000000000000        0xc ./Src/02-HAL/0-LED/LED_program.o
 .group         0x0000000000000000        0xc ./Src/02-HAL/0-LED/LED_program.o
 .group         0x0000000000000000        0xc ./Src/02-HAL/0-LED/LED_program.o
 .group         0x0000000000000000        0xc ./Src/02-HAL/0-LED/LED_program.o
 .group         0x0000000000000000        0xc ./Src/02-HAL/0-LED/LED_program.o
 .text          0x0000000000000000        0x0 ./Src/02-HAL/0-LED/LED_program.o
 .data          0x0000000000000000        0x0 ./Src/02-HAL/0-LED/LED_program.o
 .bss           0x0000000000000000        0x0 ./Src/02-HAL/0-LED/LED_program.o
 .text.LED_Status
                0x0000000000000000       0x26 ./Src/02-HAL/0-LED/LED_program.o
 .text.LED_Toggle
                0x0000000000000000       0x24 ./Src/02-HAL/0-LED/LED_program.o
 .bss.X.0       0x0000000000000000        0x1 ./Src/02-HAL/0-LED/LED_program.o
 .debug_info    0x0000000000000000      0x1be ./Src/02-HAL/0-LED/LED_program.o
 .debug_abbrev  0x0000000000000000       0xf4 ./Src/02-HAL/0-LED/LED_program.o
 .debug_aranges
                0x0000000000000000       0x28 ./Src/02-HAL/0-LED/LED_program.o
 .debug_ranges  0x0000000000000000       0x18 ./Src/02-HAL/0-LED/LED_program.o
 .debug_macro   0x0000000000000000       0x35 ./Src/02-HAL/0-LED/LED_program.o
 .debug_macro   0x0000000000000000      0xa7e ./Src/02-HAL/0-LED/LED_program.o
 .debug_macro   0x0000000000000000       0x28 ./Src/02-HAL/0-LED/LED_program.o
 .debug_macro   0x0000000000000000       0x76 ./Src/02-HAL/0-LED/LED_program.o
 .debug_macro   0x0000000000000000       0x34 ./Src/02-HAL/0-LED/LED_program.o
 .debug_macro   0x0000000000000000       0x22 ./Src/02-HAL/0-LED/LED_program.o
 .debug_line    0x0000000000000000      0x116 ./Src/02-HAL/0-LED/LED_program.o
 .debug_str     0x0000000000000000     0x32f5 ./Src/02-HAL/0-LED/LED_program.o
 .comment       0x0000000000000000       0x51 ./Src/02-HAL/0-LED/LED_program.o
 .debug_frame   0x0000000000000000       0x58 ./Src/02-HAL/0-LED/LED_program.o
 .ARM.attributes
                0x0000000000000000       0x34 ./Src/02-HAL/0-LED/LED_program.o
 .group         0x0000000000000000        0xc ./Src/02-HAL/1-SevenSegment/SevenSeg_Program.o
 .group         0x0000000000000000        0xc ./Src/02-HAL/1-SevenSegment/SevenSeg_Program.o
 .group         0x0000000000000000        0xc ./Src/02-HAL/1-SevenSegment/SevenSeg_Program.o
 .group         0x0000000000000000        0xc ./Src/02-HAL/1-SevenSegment/SevenSeg_Program.o
 .group         0x0000000000000000        0xc ./Src/02-HAL/1-SevenSegment/SevenSeg_Program.o
 .group         0x0000000000000000        0xc ./Src/02-HAL/1-SevenSegment/SevenSeg_Program.o
 .group         0x0000000000000000        0xc ./Src/02-HAL/1-SevenSegment/SevenSeg_Program.o
 .text          0x0000000000000000        0x0 ./Src/02-HAL/1-SevenSegment/SevenSeg_Program.o
 .data          0x0000000000000000        0x0 ./Src/02-HAL/1-SevenSegment/SevenSeg_Program.o
 .bss           0x0000000000000000        0x0 ./Src/02-HAL/1-SevenSegment/SevenSeg_Program.o
 .debug_macro   0x0000000000000000      0xa7e ./Src/02-HAL/1-SevenSegment/SevenSeg_Program.o
 .debug_macro   0x0000000000000000       0x28 ./Src/02-HAL/1-SevenSegment/SevenSeg_Program.o
 .debug_macro   0x0000000000000000       0x76 ./Src/02-HAL/1-SevenSegment/SevenSeg_Program.o
 .debug_macro   0x0000000000000000       0x34 ./Src/02-HAL/1-SevenSegment/SevenSeg_Program.o
 .group         0x0000000000000000        0xc ./Src/main.o
 .group         0x0000000000000000        0xc ./Src/main.o
 .group         0x0000000000000000        0xc ./Src/main.o
 .group         0x0000000000000000        0xc ./Src/main.o
 .group         0x0000000000000000        0xc ./Src/main.o
 .group         0x0000000000000000        0xc ./Src/main.o
 .group         0x0000000000000000        0xc ./Src/main.o
 .group         0x0000000000000000        0xc ./Src/main.o
 .group         0x0000000000000000        0xc ./Src/main.o
 .group         0x0000000000000000        0xc ./Src/main.o
 .group         0x0000000000000000        0xc ./Src/main.o
 .group         0x0000000000000000        0xc ./Src/main.o
 .group         0x0000000000000000        0xc ./Src/main.o
 .text          0x0000000000000000        0x0 ./Src/main.o
 .data          0x0000000000000000        0x0 ./Src/main.o
 .bss           0x0000000000000000        0x0 ./Src/main.o
 .debug_macro   0x0000000000000000      0xa7e ./Src/main.o
 .debug_macro   0x0000000000000000       0x28 ./Src/main.o
 .debug_macro   0x0000000000000000       0x76 ./Src/main.o
 .debug_macro   0x0000000000000000       0x22 ./Src/main.o
 .debug_macro   0x0000000000000000       0x34 ./Src/main.o
 .debug_macro   0x0000000000000000       0x8e ./Src/main.o
 .group         0x0000000000000000        0xc ./Src/syscalls.o
 .group         0x0000000000000000        0xc ./Src/syscalls.o
 .group         0x0000000000000000        0xc ./Src/syscalls.o
 .group         0x0000000000000000        0xc ./Src/syscalls.o
 .group         0x0000000000000000        0xc ./Src/syscalls.o
 .group         0x0000000000000000        0xc ./Src/syscalls.o
 .group         0x0000000000000000        0xc ./Src/syscalls.o
 .group         0x0000000000000000        0xc ./Src/syscalls.o
 .group         0x0000000000000000        0xc ./Src/syscalls.o
 .group         0x0000000000000000        0xc ./Src/syscalls.o
 .group         0x0000000000000000        0xc ./Src/syscalls.o
 .group         0x0000000000000000        0xc ./Src/syscalls.o
 .group         0x0000000000000000        0xc ./Src/syscalls.o
 .group         0x0000000000000000        0xc ./Src/syscalls.o
 .group         0x0000000000000000        0xc ./Src/syscalls.o
 .group         0x0000000000000000        0xc ./Src/syscalls.o
 .group         0x0000000000000000        0xc ./Src/syscalls.o
 .group         0x0000000000000000        0xc ./Src/syscalls.o
 .group         0x0000000000000000        0xc ./Src/syscalls.o
 .group         0x0000000000000000        0xc ./Src/syscalls.o
 .group         0x0000000000000000        0xc ./Src/syscalls.o
 .group         0x0000000000000000        0xc ./Src/syscalls.o
 .group         0x0000000000000000        0xc ./Src/syscalls.o
 .group         0x0000000000000000        0xc ./Src/syscalls.o
 .group         0x0000000000000000        0xc ./Src/syscalls.o
 .group         0x0000000000000000        0xc ./Src/syscalls.o
 .group         0x0000000000000000        0xc ./Src/syscalls.o
 .group         0x0000000000000000        0xc ./Src/syscalls.o
 .group         0x0000000000000000        0xc ./Src/syscalls.o
 .group         0x0000000000000000        0xc ./Src/syscalls.o
 .group         0x0000000000000000        0xc ./Src/syscalls.o
 .group         0x0000000000000000        0xc ./Src/syscalls.o
 .group         0x0000000000000000        0xc ./Src/syscalls.o
 .group         0x0000000000000000        0xc ./Src/syscalls.o
 .group         0x0000000000000000        0xc ./Src/syscalls.o
 .group         0x0000000000000000        0xc ./Src/syscalls.o
 .group         0x0000000000000000        0xc ./Src/syscalls.o
 .group         0x0000000000000000        0xc ./Src/syscalls.o
 .group         0x0000000000000000        0xc ./Src/syscalls.o
 .group         0x0000000000000000        0xc ./Src/syscalls.o
 .group         0x0000000000000000        0xc ./Src/syscalls.o
 .group         0x0000000000000000        0xc ./Src/syscalls.o
 .group         0x0000000000000000        0xc ./Src/syscalls.o
 .group         0x0000000000000000        0xc ./Src/syscalls.o
 .group         0x0000000000000000        0xc ./Src/syscalls.o
 .group         0x0000000000000000        0xc ./Src/syscalls.o
 .group         0x0000000000000000        0xc ./Src/syscalls.o
 .text          0x0000000000000000        0x0 ./Src/syscalls.o
 .data          0x0000000000000000        0x0 ./Src/syscalls.o
 .bss           0x0000000000000000        0x0 ./Src/syscalls.o
 .bss.__env     0x0000000000000000        0x4 ./Src/syscalls.o
 .data.environ  0x0000000000000000        0x4 ./Src/syscalls.o
 .text.initialise_monitor_handles
                0x0000000000000000        0xe ./Src/syscalls.o
 .text._getpid  0x0000000000000000       0x10 ./Src/syscalls.o
 .text._kill    0x0000000000000000       0x20 ./Src/syscalls.o
 .text._exit    0x0000000000000000       0x14 ./Src/syscalls.o
 .text._read    0x0000000000000000       0x3a ./Src/syscalls.o
 .text._write   0x0000000000000000       0x38 ./Src/syscalls.o
 .text._close   0x0000000000000000       0x18 ./Src/syscalls.o
 .text._fstat   0x0000000000000000       0x20 ./Src/syscalls.o
 .text._isatty  0x0000000000000000       0x16 ./Src/syscalls.o
 .text._lseek   0x0000000000000000       0x1a ./Src/syscalls.o
 .text._open    0x0000000000000000       0x1c ./Src/syscalls.o
 .text._wait    0x0000000000000000       0x1e ./Src/syscalls.o
 .text._unlink  0x0000000000000000       0x1e ./Src/syscalls.o
 .text._times   0x0000000000000000       0x18 ./Src/syscalls.o
 .text._stat    0x0000000000000000       0x20 ./Src/syscalls.o
 .text._link    0x0000000000000000       0x20 ./Src/syscalls.o
 .text._fork    0x0000000000000000       0x16 ./Src/syscalls.o
 .text._execve  0x0000000000000000       0x22 ./Src/syscalls.o
 .debug_info    0x0000000000000000      0x6e0 ./Src/syscalls.o
 .debug_abbrev  0x0000000000000000      0x1b3 ./Src/syscalls.o
 .debug_aranges
                0x0000000000000000       0xa8 ./Src/syscalls.o
 .debug_ranges  0x0000000000000000       0x98 ./Src/syscalls.o
 .debug_macro   0x0000000000000000      0x24c ./Src/syscalls.o
 .debug_macro   0x0000000000000000      0xa7e ./Src/syscalls.o
 .debug_macro   0x0000000000000000       0x22 ./Src/syscalls.o
 .debug_macro   0x0000000000000000       0x4c ./Src/syscalls.o
 .debug_macro   0x0000000000000000       0x1e ./Src/syscalls.o
 .debug_macro   0x0000000000000000       0x94 ./Src/syscalls.o
 .debug_macro   0x0000000000000000       0x3c ./Src/syscalls.o
 .debug_macro   0x0000000000000000       0x34 ./Src/syscalls.o
 .debug_macro   0x0000000000000000       0x57 ./Src/syscalls.o
 .debug_macro   0x0000000000000000      0x174 ./Src/syscalls.o
 .debug_macro   0x0000000000000000      0x341 ./Src/syscalls.o
 .debug_macro   0x0000000000000000       0x16 ./Src/syscalls.o
 .debug_macro   0x0000000000000000       0x43 ./Src/syscalls.o
 .debug_macro   0x0000000000000000       0x34 ./Src/syscalls.o
 .debug_macro   0x0000000000000000       0x10 ./Src/syscalls.o
 .debug_macro   0x0000000000000000       0x58 ./Src/syscalls.o
 .debug_macro   0x0000000000000000       0x71 ./Src/syscalls.o
 .debug_macro   0x0000000000000000       0x1c ./Src/syscalls.o
 .debug_macro   0x0000000000000000      0x12a ./Src/syscalls.o
 .debug_macro   0x0000000000000000       0x10 ./Src/syscalls.o
 .debug_macro   0x0000000000000000       0x35 ./Src/syscalls.o
 .debug_macro   0x0000000000000000       0x10 ./Src/syscalls.o
 .debug_macro   0x0000000000000000       0x10 ./Src/syscalls.o
 .debug_macro   0x0000000000000000       0x10 ./Src/syscalls.o
 .debug_macro   0x0000000000000000       0x6a ./Src/syscalls.o
 .debug_macro   0x0000000000000000       0x1c ./Src/syscalls.o
 .debug_macro   0x0000000000000000       0x52 ./Src/syscalls.o
 .debug_macro   0x0000000000000000       0x22 ./Src/syscalls.o
 .debug_macro   0x0000000000000000       0x10 ./Src/syscalls.o
 .debug_macro   0x0000000000000000       0x52 ./Src/syscalls.o
 .debug_macro   0x0000000000000000       0xd5 ./Src/syscalls.o
 .debug_macro   0x0000000000000000       0x1c ./Src/syscalls.o
 .debug_macro   0x0000000000000000       0x3d ./Src/syscalls.o
 .debug_macro   0x0000000000000000       0x35 ./Src/syscalls.o
 .debug_macro   0x0000000000000000      0x12c ./Src/syscalls.o
 .debug_macro   0x0000000000000000       0x16 ./Src/syscalls.o
 .debug_macro   0x0000000000000000       0x16 ./Src/syscalls.o
 .debug_macro   0x0000000000000000       0x29 ./Src/syscalls.o
 .debug_macro   0x0000000000000000       0x10 ./Src/syscalls.o
 .debug_macro   0x0000000000000000      0x241 ./Src/syscalls.o
 .debug_macro   0x0000000000000000       0x1c ./Src/syscalls.o
 .debug_macro   0x0000000000000000       0x10 ./Src/syscalls.o
 .debug_macro   0x0000000000000000       0x10 ./Src/syscalls.o
 .debug_macro   0x0000000000000000       0x16 ./Src/syscalls.o
 .debug_macro   0x0000000000000000      0x145 ./Src/syscalls.o
 .debug_macro   0x0000000000000000      0x189 ./Src/syscalls.o
 .debug_macro   0x0000000000000000       0x16 ./Src/syscalls.o
 .debug_macro   0x0000000000000000       0xce ./Src/syscalls.o
 .debug_line    0x0000000000000000      0x7f9 ./Src/syscalls.o
 .debug_str     0x0000000000000000     0x8a7c ./Src/syscalls.o
 .comment       0x0000000000000000       0x51 ./Src/syscalls.o
 .debug_frame   0x0000000000000000      0x2ac ./Src/syscalls.o
 .ARM.attributes
                0x0000000000000000       0x34 ./Src/syscalls.o
 .group         0x0000000000000000        0xc ./Src/sysmem.o
 .group         0x0000000000000000        0xc ./Src/sysmem.o
 .group         0x0000000000000000        0xc ./Src/sysmem.o
 .group         0x0000000000000000        0xc ./Src/sysmem.o
 .group         0x0000000000000000        0xc ./Src/sysmem.o
 .group         0x0000000000000000        0xc ./Src/sysmem.o
 .group         0x0000000000000000        0xc ./Src/sysmem.o
 .group         0x0000000000000000        0xc ./Src/sysmem.o
 .group         0x0000000000000000        0xc ./Src/sysmem.o
 .group         0x0000000000000000        0xc ./Src/sysmem.o
 .group         0x0000000000000000        0xc ./Src/sysmem.o
 .group         0x0000000000000000        0xc ./Src/sysmem.o
 .group         0x0000000000000000        0xc ./Src/sysmem.o
 .group         0x0000000000000000        0xc ./Src/sysmem.o
 .group         0x0000000000000000        0xc ./Src/sysmem.o
 .group         0x0000000000000000        0xc ./Src/sysmem.o
 .group         0x0000000000000000        0xc ./Src/sysmem.o
 .group         0x0000000000000000        0xc ./Src/sysmem.o
 .group         0x0000000000000000        0xc ./Src/sysmem.o
 .group         0x0000000000000000        0xc ./Src/sysmem.o
 .group         0x0000000000000000        0xc ./Src/sysmem.o
 .group         0x0000000000000000        0xc ./Src/sysmem.o
 .text          0x0000000000000000        0x0 ./Src/sysmem.o
 .data          0x0000000000000000        0x0 ./Src/sysmem.o
 .bss           0x0000000000000000        0x0 ./Src/sysmem.o
 .bss.__sbrk_heap_end
                0x0000000000000000        0x4 ./Src/sysmem.o
 .text._sbrk    0x0000000000000000       0x6c ./Src/sysmem.o
 .debug_info    0x0000000000000000      0x171 ./Src/sysmem.o
 .debug_abbrev  0x0000000000000000       0xbb ./Src/sysmem.o
 .debug_aranges
                0x0000000000000000       0x20 ./Src/sysmem.o
 .debug_ranges  0x0000000000000000       0x10 ./Src/sysmem.o
 .debug_macro   0x0000000000000000       0xff ./Src/sysmem.o
 .debug_macro   0x0000000000000000      0xa7e ./Src/sysmem.o
 .debug_macro   0x0000000000000000       0x10 ./Src/sysmem.o
 .debug_macro   0x0000000000000000       0x22 ./Src/sysmem.o
 .debug_macro   0x0000000000000000       0x4c ./Src/sysmem.o
 .debug_macro   0x0000000000000000       0x1e ./Src/sysmem.o
 .debug_macro   0x0000000000000000       0x94 ./Src/sysmem.o
 .debug_macro   0x0000000000000000       0x3c ./Src/sysmem.o
 .debug_macro   0x0000000000000000       0x34 ./Src/sysmem.o
 .debug_macro   0x0000000000000000      0x174 ./Src/sysmem.o
 .debug_macro   0x0000000000000000       0x16 ./Src/sysmem.o
 .debug_macro   0x0000000000000000       0x43 ./Src/sysmem.o
 .debug_macro   0x0000000000000000       0x57 ./Src/sysmem.o
 .debug_macro   0x0000000000000000       0x34 ./Src/sysmem.o
 .debug_macro   0x0000000000000000       0x10 ./Src/sysmem.o
 .debug_macro   0x0000000000000000       0x58 ./Src/sysmem.o
 .debug_macro   0x0000000000000000       0x71 ./Src/sysmem.o
 .debug_macro   0x0000000000000000       0x1c ./Src/sysmem.o
 .debug_macro   0x0000000000000000      0x12a ./Src/sysmem.o
 .debug_macro   0x0000000000000000      0x23b ./Src/sysmem.o
 .debug_macro   0x0000000000000000      0x103 ./Src/sysmem.o
 .debug_macro   0x0000000000000000       0x6a ./Src/sysmem.o
 .debug_macro   0x0000000000000000      0x1df ./Src/sysmem.o
 .debug_line    0x0000000000000000      0x4ef ./Src/sysmem.o
 .debug_str     0x0000000000000000     0x5db8 ./Src/sysmem.o
 .comment       0x0000000000000000       0x51 ./Src/sysmem.o
 .debug_frame   0x0000000000000000       0x34 ./Src/sysmem.o
 .ARM.attributes
                0x0000000000000000       0x34 ./Src/sysmem.o
 .text          0x0000000000000000       0x14 ./Startup/startup_stm32f401ccux.o
 .data          0x0000000000000000        0x0 ./Startup/startup_stm32f401ccux.o
 .bss           0x0000000000000000        0x0 ./Startup/startup_stm32f401ccux.o
 .text          0x0000000000000000        0x0 c:/st/stm32cubeide_1.10.1/stm32cubeide/plugins/com.st.stm32cube.ide.mcu.externaltools.gnu-tools-for-stm32.10.3-2021.10.win32_1.0.100.202210260954/tools/bin/../lib/gcc/arm-none-eabi/10.3.1/../../../../arm-none-eabi/lib/thumb/v7e-m+fp/hard\libc_nano.a(lib_a-errno.o)
 .data          0x0000000000000000        0x0 c:/st/stm32cubeide_1.10.1/stm32cubeide/plugins/com.st.stm32cube.ide.mcu.externaltools.gnu-tools-for-stm32.10.3-2021.10.win32_1.0.100.202210260954/tools/bin/../lib/gcc/arm-none-eabi/10.3.1/../../../../arm-none-eabi/lib/thumb/v7e-m+fp/hard\libc_nano.a(lib_a-errno.o)
 .bss           0x0000000000000000        0x0 c:/st/stm32cubeide_1.10.1/stm32cubeide/plugins/com.st.stm32cube.ide.mcu.externaltools.gnu-tools-for-stm32.10.3-2021.10.win32_1.0.100.202210260954/tools/bin/../lib/gcc/arm-none-eabi/10.3.1/../../../../arm-none-eabi/lib/thumb/v7e-m+fp/hard\libc_nano.a(lib_a-errno.o)
 .text.__errno  0x0000000000000000        0xc c:/st/stm32cubeide_1.10.1/stm32cubeide/plugins/com.st.stm32cube.ide.mcu.externaltools.gnu-tools-for-stm32.10.3-2021.10.win32_1.0.100.202210260954/tools/bin/../lib/gcc/arm-none-eabi/10.3.1/../../../../arm-none-eabi/lib/thumb/v7e-m+fp/hard\libc_nano.a(lib_a-errno.o)
 .debug_frame   0x0000000000000000       0x20 c:/st/stm32cubeide_1.10.1/stm32cubeide/plugins/com.st.stm32cube.ide.mcu.externaltools.gnu-tools-for-stm32.10.3-2021.10.win32_1.0.100.202210260954/tools/bin/../lib/gcc/arm-none-eabi/10.3.1/../../../../arm-none-eabi/lib/thumb/v7e-m+fp/hard\libc_nano.a(lib_a-errno.o)
 .ARM.attributes
                0x0000000000000000       0x34 c:/st/stm32cubeide_1.10.1/stm32cubeide/plugins/com.st.stm32cube.ide.mcu.externaltools.gnu-tools-for-stm32.10.3-2021.10.win32_1.0.100.202210260954/tools/bin/../lib/gcc/arm-none-eabi/10.3.1/../../../../arm-none-eabi/lib/thumb/v7e-m+fp/hard\libc_nano.a(lib_a-errno.o)
 .text          0x0000000000000000        0x0 c:/st/stm32cubeide_1.10.1/stm32cubeide/plugins/com.st.stm32cube.ide.mcu.externaltools.gnu-tools-for-stm32.10.3-2021.10.win32_1.0.100.202210260954/tools/bin/../lib/gcc/arm-none-eabi/10.3.1/../../../../arm-none-eabi/lib/thumb/v7e-m+fp/hard\libc_nano.a(lib_a-exit.o)
 .data          0x0000000000000000        0x0 c:/st/stm32cubeide_1.10.1/stm32cubeide/plugins/com.st.stm32cube.ide.mcu.externaltools.gnu-tools-for-stm32.10.3-2021.10.win32_1.0.100.202210260954/tools/bin/../lib/gcc/arm-none-eabi/10.3.1/../../../../arm-none-eabi/lib/thumb/v7e-m+fp/hard\libc_nano.a(lib_a-exit.o)
 .bss           0x0000000000000000        0x0 c:/st/stm32cubeide_1.10.1/stm32cubeide/plugins/com.st.stm32cube.ide.mcu.externaltools.gnu-tools-for-stm32.10.3-2021.10.win32_1.0.100.202210260954/tools/bin/../lib/gcc/arm-none-eabi/10.3.1/../../../../arm-none-eabi/lib/thumb/v7e-m+fp/hard\libc_nano.a(lib_a-exit.o)
 .text.exit     0x0000000000000000       0x28 c:/st/stm32cubeide_1.10.1/stm32cubeide/plugins/com.st.stm32cube.ide.mcu.externaltools.gnu-tools-for-stm32.10.3-2021.10.win32_1.0.100.202210260954/tools/bin/../lib/gcc/arm-none-eabi/10.3.1/../../../../arm-none-eabi/lib/thumb/v7e-m+fp/hard\libc_nano.a(lib_a-exit.o)
 .debug_frame   0x0000000000000000       0x28 c:/st/stm32cubeide_1.10.1/stm32cubeide/plugins/com.st.stm32cube.ide.mcu.externaltools.gnu-tools-for-stm32.10.3-2021.10.win32_1.0.100.202210260954/tools/bin/../lib/gcc/arm-none-eabi/10.3.1/../../../../arm-none-eabi/lib/thumb/v7e-m+fp/hard\libc_nano.a(lib_a-exit.o)
 .ARM.attributes
                0x0000000000000000       0x34 c:/st/stm32cubeide_1.10.1/stm32cubeide/plugins/com.st.stm32cube.ide.mcu.externaltools.gnu-tools-for-stm32.10.3-2021.10.win32_1.0.100.202210260954/tools/bin/../lib/gcc/arm-none-eabi/10.3.1/../../../../arm-none-eabi/lib/thumb/v7e-m+fp/hard\libc_nano.a(lib_a-exit.o)
 .text          0x0000000000000000        0x0 c:/st/stm32cubeide_1.10.1/stm32cubeide/plugins/com.st.stm32cube.ide.mcu.externaltools.gnu-tools-for-stm32.10.3-2021.10.win32_1.0.100.202210260954/tools/bin/../lib/gcc/arm-none-eabi/10.3.1/../../../../arm-none-eabi/lib/thumb/v7e-m+fp/hard\libc_nano.a(lib_a-impure.o)
 .data          0x0000000000000000        0x0 c:/st/stm32cubeide_1.10.1/stm32cubeide/plugins/com.st.stm32cube.ide.mcu.externaltools.gnu-tools-for-stm32.10.3-2021.10.win32_1.0.100.202210260954/tools/bin/../lib/gcc/arm-none-eabi/10.3.1/../../../../arm-none-eabi/lib/thumb/v7e-m+fp/hard\libc_nano.a(lib_a-impure.o)
 .bss           0x0000000000000000        0x0 c:/st/stm32cubeide_1.10.1/stm32cubeide/plugins/com.st.stm32cube.ide.mcu.externaltools.gnu-tools-for-stm32.10.3-2021.10.win32_1.0.100.202210260954/tools/bin/../lib/gcc/arm-none-eabi/10.3.1/../../../../arm-none-eabi/lib/thumb/v7e-m+fp/hard\libc_nano.a(lib_a-impure.o)
 .data._impure_ptr
                0x0000000000000000        0x4 c:/st/stm32cubeide_1.10.1/stm32cubeide/plugins/com.st.stm32cube.ide.mcu.externaltools.gnu-tools-for-stm32.10.3-2021.10.win32_1.0.100.202210260954/tools/bin/../lib/gcc/arm-none-eabi/10.3.1/../../../../arm-none-eabi/lib/thumb/v7e-m+fp/hard\libc_nano.a(lib_a-impure.o)
 .data.impure_data
                0x0000000000000000       0x60 c:/st/stm32cubeide_1.10.1/stm32cubeide/plugins/com.st.stm32cube.ide.mcu.externaltools.gnu-tools-for-stm32.10.3-2021.10.win32_1.0.100.202210260954/tools/bin/../lib/gcc/arm-none-eabi/10.3.1/../../../../arm-none-eabi/lib/thumb/v7e-m+fp/hard\libc_nano.a(lib_a-impure.o)
 .rodata._global_impure_ptr
                0x0000000000000000        0x4 c:/st/stm32cubeide_1.10.1/stm32cubeide/plugins/com.st.stm32cube.ide.mcu.externaltools.gnu-tools-for-stm32.10.3-2021.10.win32_1.0.100.202210260954/tools/bin/../lib/gcc/arm-none-eabi/10.3.1/../../../../arm-none-eabi/lib/thumb/v7e-m+fp/hard\libc_nano.a(lib_a-impure.o)
 .ARM.attributes
                0x0000000000000000       0x34 c:/st/stm32cubeide_1.10.1/stm32cubeide/plugins/com.st.stm32cube.ide.mcu.externaltools.gnu-tools-for-stm32.10.3-2021.10.win32_1.0.100.202210260954/tools/bin/../lib/gcc/arm-none-eabi/10.3.1/../../../../arm-none-eabi/lib/thumb/v7e-m+fp/hard\libc_nano.a(lib_a-impure.o)
 .text          0x0000000000000000        0x0 c:/st/stm32cubeide_1.10.1/stm32cubeide/plugins/com.st.stm32cube.ide.mcu.externaltools.gnu-tools-for-stm32.10.3-2021.10.win32_1.0.100.202210260954/tools/bin/../lib/gcc/arm-none-eabi/10.3.1/../../../../arm-none-eabi/lib/thumb/v7e-m+fp/hard\libc_nano.a(lib_a-init.o)
 .data          0x0000000000000000        0x0 c:/st/stm32cubeide_1.10.1/stm32cubeide/plugins/com.st.stm32cube.ide.mcu.externaltools.gnu-tools-for-stm32.10.3-2021.10.win32_1.0.100.202210260954/tools/bin/../lib/gcc/arm-none-eabi/10.3.1/../../../../arm-none-eabi/lib/thumb/v7e-m+fp/hard\libc_nano.a(lib_a-init.o)
 .bss           0x0000000000000000        0x0 c:/st/stm32cubeide_1.10.1/stm32cubeide/plugins/com.st.stm32cube.ide.mcu.externaltools.gnu-tools-for-stm32.10.3-2021.10.win32_1.0.100.202210260954/tools/bin/../lib/gcc/arm-none-eabi/10.3.1/../../../../arm-none-eabi/lib/thumb/v7e-m+fp/hard\libc_nano.a(lib_a-init.o)
 .text          0x0000000000000000        0x0 c:/st/stm32cubeide_1.10.1/stm32cubeide/plugins/com.st.stm32cube.ide.mcu.externaltools.gnu-tools-for-stm32.10.3-2021.10.win32_1.0.100.202210260954/tools/bin/../lib/gcc/arm-none-eabi/10.3.1/../../../../arm-none-eabi/lib/thumb/v7e-m+fp/hard\libc_nano.a(lib_a-memset.o)
 .data          0x0000000000000000        0x0 c:/st/stm32cubeide_1.10.1/stm32cubeide/plugins/com.st.stm32cube.ide.mcu.externaltools.gnu-tools-for-stm32.10.3-2021.10.win32_1.0.100.202210260954/tools/bin/../lib/gcc/arm-none-eabi/10.3.1/../../../../arm-none-eabi/lib/thumb/v7e-m+fp/hard\libc_nano.a(lib_a-memset.o)
 .bss           0x0000000000000000        0x0 c:/st/stm32cubeide_1.10.1/stm32cubeide/plugins/com.st.stm32cube.ide.mcu.externaltools.gnu-tools-for-stm32.10.3-2021.10.win32_1.0.100.202210260954/tools/bin/../lib/gcc/arm-none-eabi/10.3.1/../../../../arm-none-eabi/lib/thumb/v7e-m+fp/hard\libc_nano.a(lib_a-memset.o)
 .text.memset   0x0000000000000000       0x10 c:/st/stm32cubeide_1.10.1/stm32cubeide/plugins/com.st.stm32cube.ide.mcu.externaltools.gnu-tools-for-stm32.10.3-2021.10.win32_1.0.100.202210260954/tools/bin/../lib/gcc/arm-none-eabi/10.3.1/../../../../arm-none-eabi/lib/thumb/v7e-m+fp/hard\libc_nano.a(lib_a-memset.o)
 .debug_frame   0x0000000000000000       0x20 c:/st/stm32cubeide_1.10.1/stm32cubeide/plugins/com.st.stm32cube.ide.mcu.externaltools.gnu-tools-for-stm32.10.3-2021.10.win32_1.0.100.202210260954/tools/bin/../lib/gcc/arm-none-eabi/10.3.1/../../../../arm-none-eabi/lib/thumb/v7e-m+fp/hard\libc_nano.a(lib_a-memset.o)
 .ARM.attributes
                0x0000000000000000       0x34 c:/st/stm32cubeide_1.10.1/stm32cubeide/plugins/com.st.stm32cube.ide.mcu.externaltools.gnu-tools-for-stm32.10.3-2021.10.win32_1.0.100.202210260954/tools/bin/../lib/gcc/arm-none-eabi/10.3.1/../../../../arm-none-eabi/lib/thumb/v7e-m+fp/hard\libc_nano.a(lib_a-memset.o)
 .text          0x0000000000000000        0x0 c:/st/stm32cubeide_1.10.1/stm32cubeide/plugins/com.st.stm32cube.ide.mcu.externaltools.gnu-tools-for-stm32.10.3-2021.10.win32_1.0.100.202210260954/tools/bin/../lib/gcc/arm-none-eabi/10.3.1/thumb/v7e-m+fp/hard/crtend.o
 .data          0x0000000000000000        0x0 c:/st/stm32cubeide_1.10.1/stm32cubeide/plugins/com.st.stm32cube.ide.mcu.externaltools.gnu-tools-for-stm32.10.3-2021.10.win32_1.0.100.202210260954/tools/bin/../lib/gcc/arm-none-eabi/10.3.1/thumb/v7e-m+fp/hard/crtend.o
 .bss           0x0000000000000000        0x0 c:/st/stm32cubeide_1.10.1/stm32cubeide/plugins/com.st.stm32cube.ide.mcu.externaltools.gnu-tools-for-stm32.10.3-2021.10.win32_1.0.100.202210260954/tools/bin/../lib/gcc/arm-none-eabi/10.3.1/thumb/v7e-m+fp/hard/crtend.o
 .rodata        0x0000000000000000       0x24 c:/st/stm32cubeide_1.10.1/stm32cubeide/plugins/com.st.stm32cube.ide.mcu.externaltools.gnu-tools-for-stm32.10.3-2021.10.win32_1.0.100.202210260954/tools/bin/../lib/gcc/arm-none-eabi/10.3.1/thumb/v7e-m+fp/hard/crtend.o
 .eh_frame      0x0000000000000000        0x4 c:/st/stm32cubeide_1.10.1/stm32cubeide/plugins/com.st.stm32cube.ide.mcu.externaltools.gnu-tools-for-stm32.10.3-2021.10.win32_1.0.100.202210260954/tools/bin/../lib/gcc/arm-none-eabi/10.3.1/thumb/v7e-m+fp/hard/crtend.o
 .ARM.attributes
                0x0000000000000000       0x34 c:/st/stm32cubeide_1.10.1/stm32cubeide/plugins/com.st.stm32cube.ide.mcu.externaltools.gnu-tools-for-stm32.10.3-2021.10.win32_1.0.100.202210260954/tools/bin/../lib/gcc/arm-none-eabi/10.3.1/thumb/v7e-m+fp/hard/crtend.o
 .text          0x0000000000000000        0x0 c:/st/stm32cubeide_1.10.1/stm32cubeide/plugins/com.st.stm32cube.ide.mcu.externaltools.gnu-tools-for-stm32.10.3-2021.10.win32_1.0.100.202210260954/tools/bin/../lib/gcc/arm-none-eabi/10.3.1/thumb/v7e-m+fp/hard/crtn.o
 .data          0x0000000000000000        0x0 c:/st/stm32cubeide_1.10.1/stm32cubeide/plugins/com.st.stm32cube.ide.mcu.externaltools.gnu-tools-for-stm32.10.3-2021.10.win32_1.0.100.202210260954/tools/bin/../lib/gcc/arm-none-eabi/10.3.1/thumb/v7e-m+fp/hard/crtn.o
 .bss           0x0000000000000000        0x0 c:/st/stm32cubeide_1.10.1/stm32cubeide/plugins/com.st.stm32cube.ide.mcu.externaltools.gnu-tools-for-stm32.10.3-2021.10.win32_1.0.100.202210260954/tools/bin/../lib/gcc/arm-none-eabi/10.3.1/thumb/v7e-m+fp/hard/crtn.o

Memory Configuration

Name             Origin             Length             Attributes
RAM              0x0000000020000000 0x0000000000010000 xrw
FLASH            0x0000000008000000 0x0000000000040000 xr
*default*        0x0000000000000000 0xffffffffffffffff

Linker script and memory map

LOAD c:/st/stm32cubeide_1.10.1/stm32cubeide/plugins/com.st.stm32cube.ide.mcu.externaltools.gnu-tools-for-stm32.10.3-2021.10.win32_1.0.100.202210260954/tools/bin/../lib/gcc/arm-none-eabi/10.3.1/thumb/v7e-m+fp/hard/crti.o
LOAD c:/st/stm32cubeide_1.10.1/stm32cubeide/plugins/com.st.stm32cube.ide.mcu.externaltools.gnu-tools-for-stm32.10.3-2021.10.win32_1.0.100.202210260954/tools/bin/../lib/gcc/arm-none-eabi/10.3.1/thumb/v7e-m+fp/hard/crtbegin.o
LOAD c:/st/stm32cubeide_1.10.1/stm32cubeide/plugins/com.st.stm32cube.ide.mcu.externaltools.gnu-tools-for-stm32.10.3-2021.10.win32_1.0.100.202210260954/tools/bin/../lib/gcc/arm-none-eabi/10.3.1/../../../../arm-none-eabi/lib/thumb/v7e-m+fp/hard/crt0.o
LOAD ./Src/00-LIB/Software_Delay.o
LOAD ./Src/01-MCAL/00-RCC/RCC_program.o
LOAD ./Src/01-MCAL/01-PORT/PORT_program.o
LOAD ./Src/01-MCAL/02-GPIO/GPIO_program.o
LOAD ./Src/01-MCAL/03-EXTI/EXTI_program.o
LOAD ./Src/01-MCAL/04-NVIC/NVIC_program.o
LOAD ./Src/01-MCAL/06-USART/USART_program.o
LOAD ./Src/01-MCAL/11-TIMER/TIMER_program.o
LOAD ./Src/02-HAL/0-LED/LED_program.o
LOAD ./Src/02-HAL/1-SevenSegment/SevenSeg_Program.o
LOAD ./Src/main.o
LOAD ./Src/syscalls.o
LOAD ./Src/sysmem.o
LOAD ./Startup/startup_stm32f401ccux.o
START GROUP
LOAD c:/st/stm32cubeide_1.10.1/stm32cubeide/plugins/com.st.stm32cube.ide.mcu.externaltools.gnu-tools-for-stm32.10.3-2021.10.win32_1.0.100.202210260954/tools/bin/../lib/gcc/arm-none-eabi/10.3.1/../../../../arm-none-eabi/lib/thumb/v7e-m+fp/hard\libc_nano.a
LOAD c:/st/stm32cubeide_1.10.1/stm32cubeide/plugins/com.st.stm32cube.ide.mcu.externaltools.gnu-tools-for-stm32.10.3-2021.10.win32_1.0.100.202210260954/tools/bin/../lib/gcc/arm-none-eabi/10.3.1/../../../../arm-none-eabi/lib/thumb/v7e-m+fp/hard\libm.a
END GROUP
START GROUP
LOAD c:/st/stm32cubeide_1.10.1/stm32cubeide/plugins/com.st.stm32cube.ide.mcu.externaltools.gnu-tools-for-stm32.10.3-2021.10.win32_1.0.100.202210260954/tools/bin/../lib/gcc/arm-none-eabi/10.3.1/thumb/v7e-m+fp/hard\libgcc.a
LOAD c:/st/stm32cubeide_1.10.1/stm32cubeide/plugins/com.st.stm32cube.ide.mcu.externaltools.gnu-tools-for-stm32.10.3-2021.10.win32_1.0.100.202210260954/tools/bin/../lib/gcc/arm-none-eabi/10.3.1/../../../../arm-none-eabi/lib/thumb/v7e-m+fp/hard\libc_nano.a
END GROUP
START GROUP
LOAD c:/st/stm32cubeide_1.10.1/stm32cubeide/plugins/com.st.stm32cube.ide.mcu.externaltools.gnu-tools-for-stm32.10.3-2021.10.win32_1.0.100.202210260954/tools/bin/../lib/gcc/arm-none-eabi/10.3.1/thumb/v7e-m+fp/hard\libgcc.a
LOAD c:/st/stm32cubeide_1.10.1/stm32cubeide/plugins/com.st.stm32cube.ide.mcu.externaltools.gnu-tools-for-stm32.10.3-2021.10.win32_1.0.100.202210260954/tools/bin/../lib/gcc/arm-none-eabi/10.3.1/../../../../arm-none-eabi/lib/thumb/v7e-m+fp/hard\libc_nano.a
LOAD c:/st/stm32cubeide_1.10.1/stm32cubeide/plugins/com.st.stm32cube.ide.mcu.externaltools.gnu-tools-for-stm32.10.3-2021.10.win32_1.0.100.202210260954/tools/bin/../lib/gcc/arm-none-eabi/10.3.1/../../../../arm-none-eabi/lib/thumb/v7e-m+fp/hard\libnosys.a
END GROUP
START GROUP
LOAD c:/st/stm32cubeide_1.10.1/stm32cubeide/plugins/com.st.stm32cube.ide.mcu.externaltools.gnu-tools-for-stm32.10.3-2021.10.win32_1.0.100.202210260954/tools/bin/../lib/gcc/arm-none-eabi/10.3.1/thumb/v7e-m+fp/hard\libgcc.a
LOAD c:/st/stm32cubeide_1.10.1/stm32cubeide/plugins/com.st.stm32cube.ide.mcu.externaltools.gnu-tools-for-stm32.10.3-2021.10.win32_1.0.100.202210260954/tools/bin/../lib/gcc/arm-none-eabi/10.3.1/../../../../arm-none-eabi/lib/thumb/v7e-m+fp/hard\libc_nano.a
LOAD c:/st/stm32cubeide_1.10.1/stm32cubeide/plugins/com.st.stm32cube.ide.mcu.externaltools.gnu-tools-for-stm32.10.3-2021.10.win32_1.0.100.202210260954/tools/bin/../lib/gcc/arm-none-eabi/10.3.1/../../../../arm-none-eabi/lib/thumb/v7e-m+fp/hard\libnosys.a
END GROUP
LOAD c:/st/stm32cubeide_1.10.1/stm32cubeide/plugins/com.st.stm32cube.ide.mcu.externaltools.gnu-tools-for-stm32.10.3-2021.10.win32_1.0.100.202210260954/tools/bin/../lib/gcc/arm-none-eabi/10.3.1/thumb/v7e-m+fp/hard/crtend.o
LOAD c:/st/stm32cubeide_1.10.1/stm32cubeide/plugins/com.st.stm32cube.ide.mcu.externaltools.gnu-tools-for-stm32.10.3-2021.10.win32_1.0.100.202210260954/tools/bin/../lib/gcc/arm-none-eabi/10.3.1/thumb/v7e-m+fp/hard/crtn.o
                0x0000000020010000                _estack = (ORIGIN (RAM) + LENGTH (RAM))
                0x0000000000000200                _Min_Heap_Size = 0x200
                0x0000000000000400                _Min_Stack_Size = 0x400

.isr_vector     0x0000000008000000      0x194
                0x0000000008000000                . = ALIGN (0x4)
 *(.isr_vector)
 .isr_vector    0x0000000008000000      0x194 ./Startup/startup_stm32f401ccux.o
                0x0000000008000000                g_pfnVectors
                0x0000000008000194                . = ALIGN (0x4)

.text           0x0000000008000194      0x994
                0x0000000008000194                . = ALIGN (0x4)
 *(.text)
 .text          0x0000000008000194       0x40 c:/st/stm32cubeide_1.10.1/stm32cubeide/plugins/com.st.stm32cube.ide.mcu.externaltools.gnu-tools-for-stm32.10.3-2021.10.win32_1.0.100.202210260954/tools/bin/../lib/gcc/arm-none-eabi/10.3.1/thumb/v7e-m+fp/hard/crtbegin.o
 *(.text*)
 .text.RCC_voidSystemClockInit
                0x00000000080001d4       0x98 ./Src/01-MCAL/00-RCC/RCC_program.o
                0x00000000080001d4                RCC_voidSystemClockInit
 .text.RCC_voidPeripheralClockEnable
                0x000000000800026c       0xac ./Src/01-MCAL/00-RCC/RCC_program.o
                0x000000000800026c                RCC_voidPeripheralClockEnable
 .text.PORT_voidInit
                0x0000000008000318      0x104 ./Src/01-MCAL/01-PORT/PORT_program.o
                0x0000000008000318                PORT_voidInit
 .text.GPIO_SetPinValue
                0x000000000800041c       0xbc ./Src/01-MCAL/02-GPIO/GPIO_program.o
                0x000000000800041c                GPIO_SetPinValue
 .text.GPIO_voidSetGroupChannel
                0x00000000080004d8       0xec ./Src/01-MCAL/02-GPIO/GPIO_program.o
                0x00000000080004d8                GPIO_voidSetGroupChannel
 .text.EXTI0_IRQHandler
                0x00000000080005c4       0x24 ./Src/01-MCAL/03-EXTI/EXTI_program.o
                0x00000000080005c4                EXTI0_IRQHandler
 .text.EXTI1_IRQHandler
                0x00000000080005e8       0x24 ./Src/01-MCAL/03-EXTI/EXTI_program.o
                0x00000000080005e8                EXTI1_IRQHandler
 .text.EXTI2_IRQHandler
                0x000000000800060c       0x24 ./Src/01-MCAL/03-EXTI/EXTI_program.o
                0x000000000800060c                EXTI2_IRQHandler
 .text.EXTI3_IRQHandler
                0x0000000008000630       0x24 ./Src/01-MCAL/03-EXTI/EXTI_program.o
                0x0000000008000630                EXTI3_IRQHandler
 .text.EXTI4_IRQHandler
                0x0000000008000654       0x24 ./Src/01-MCAL/03-EXTI/EXTI_program.o
                0x0000000008000654                EXTI4_IRQHandler
 .text.USART_voidInit
                0x0000000008000678      0x124 ./Src/01-MCAL/06-USART/USART_program.o
                0x0000000008000678                USART_voidInit
 .text.USART_voidSendByte
                0x000000000800079c       0x50 ./Src/01-MCAL/06-USART/USART_program.o
                0x000000000800079c                USART_voidSendByte
 .text.USART_voidSendString
                0x00000000080007ec       0x3e ./Src/01-MCAL/06-USART/USART_program.o
                0x00000000080007ec                USART_voidSendString
 *fill*         0x000000000800082a        0x2 
 .text.USART_voidReceiveByteBlocking
                0x000000000800082c       0x3c ./Src/01-MCAL/06-USART/USART_program.o
                0x000000000800082c                USART_voidReceiveByteBlocking
 .text.USART1_IRQHandler
                0x0000000008000868       0x1c ./Src/01-MCAL/06-USART/USART_program.o
                0x0000000008000868                USART1_IRQHandler
 .text.USART2_IRQHandler
                0x0000000008000884       0x1c ./Src/01-MCAL/06-USART/USART_program.o
                0x0000000008000884                USART2_IRQHandler
 .text.USART6_IRQHandler
                0x00000000080008a0       0x1c ./Src/01-MCAL/06-USART/USART_program.o
                0x00000000080008a0                USART6_IRQHandler
 .text.TIM1_CC_IRQHandler
                0x00000000080008bc       0x14 ./Src/01-MCAL/11-TIMER/TIMER_program.o
                0x00000000080008bc                TIM1_CC_IRQHandler
 .text.TIM2_IRQHandler
                0x00000000080008d0       0x14 ./Src/01-MCAL/11-TIMER/TIMER_program.o
                0x00000000080008d0                TIM2_IRQHandler
 .text.TIM3_IRQHandler
                0x00000000080008e4       0x14 ./Src/01-MCAL/11-TIMER/TIMER_program.o
                0x00000000080008e4                TIM3_IRQHandler
 .text.TIM4_IRQHandler
                0x00000000080008f8       0x14 ./Src/01-MCAL/11-TIMER/TIMER_program.o
                0x00000000080008f8                TIM4_IRQHandler
 .text.SSD_Display_Number
                0x000000000800090c       0x64 ./Src/02-HAL/1-SevenSegment/SevenSeg_Program.o
                0x000000000800090c                SSD_Display_Number
 .text.main     0x0000000008000970       0x74 ./Src/main.o
                0x0000000008000970                main
 .text.System_Init
                0x00000000080009e4       0x2c ./Src/main.o
                0x00000000080009e4                System_Init
 .text.USART_Init
                0x0000000008000a10       0x34 ./Src/main.o
                0x0000000008000a10                USART_Init
 .text.SSD_Init
                0x0000000008000a44       0x30 ./Src/main.o
                0x0000000008000a44                SSD_Init
 .text.Reset_Handler
                0x0000000008000a74       0x50 ./Startup/startup_stm32f401ccux.o
                0x0000000008000a74                Reset_Handler
 .text.Default_Handler
                0x0000000008000ac4        0x2 ./Startup/startup_stm32f401ccux.o
                0x0000000008000ac4                DebugMon_Handler
                0x0000000008000ac4                SPI4_IRQHandler
                0x0000000008000ac4                DMA2_Stream5_IRQHandler
                0x0000000008000ac4                HardFault_Handler
                0x0000000008000ac4                DMA1_Stream5_IRQHandler
                0x0000000008000ac4                SysTick_Handler
                0x0000000008000ac4                SDIO_IRQHandler
                0x0000000008000ac4                TAMP_STAMP_IRQHandler
                0x0000000008000ac4                PendSV_Handler
                0x0000000008000ac4                NMI_Handler
                0x0000000008000ac4                TIM1_UP_TIM10_IRQHandler
                0x0000000008000ac4                I2C3_ER_IRQHandler
                0x0000000008000ac4                EXTI18_OTG_FS_WKUP_IRQHandler
                0x0000000008000ac4                I2C2_EV_IRQHandler
                0x0000000008000ac4                DMA1_Stream2_IRQHandler
                0x0000000008000ac4                UsageFault_Handler
                0x0000000008000ac4                DMA2_Stream2_IRQHandler
                0x0000000008000ac4                SPI1_IRQHandler
                0x0000000008000ac4                TIM1_BRK_TIM9_IRQHandler
                0x0000000008000ac4                DMA2_Stream3_IRQHandler
                0x0000000008000ac4                DMA2_Stream0_IRQHandler
                0x0000000008000ac4                I2C1_EV_IRQHandler
                0x0000000008000ac4                DMA1_Stream6_IRQHandler
                0x0000000008000ac4                DMA1_Stream1_IRQHandler
                0x0000000008000ac4                RCC_IRQHandler
                0x0000000008000ac4                Default_Handler
                0x0000000008000ac4                EXTI15_10_IRQHandler
                0x0000000008000ac4                ADC_IRQHandler
                0x0000000008000ac4                DMA1_Stream7_IRQHandler
                0x0000000008000ac4                TIM5_IRQHandler
                0x0000000008000ac4                DMA2_Stream7_IRQHandler
                0x0000000008000ac4                I2C3_EV_IRQHandler
                0x0000000008000ac4                EXTI9_5_IRQHandler
                0x0000000008000ac4                SPI2_IRQHandler
                0x0000000008000ac4                MemManage_Handler
                0x0000000008000ac4                DMA1_Stream0_IRQHandler
                0x0000000008000ac4                SVC_Handler
                0x0000000008000ac4                EXTI22_RTC_WKUP_IRQHandler
                0x0000000008000ac4                EXTI16_PVD_IRQHandler
                0x0000000008000ac4                TIM1_TRG_COM_TIM11_IRQHandler
                0x0000000008000ac4                EXTI17_RTC_Alarm_IRQHandler
                0x0000000008000ac4                I2C2_ER_IRQHandler
                0x0000000008000ac4                DMA2_Stream1_IRQHandler
                0x0000000008000ac4                FLASH_IRQHandler
                0x0000000008000ac4                DMA2_Stream4_IRQHandler
                0x0000000008000ac4                BusFault_Handler
                0x0000000008000ac4                OTG_FS_IRQHandler
                0x0000000008000ac4                SPI3_IRQHandler
                0x0000000008000ac4                DMA1_Stream4_IRQHandler
                0x0000000008000ac4                I2C1_ER_IRQHandler
                0x0000000008000ac4                DMA2_Stream6_IRQHandler
                0x0000000008000ac4                DMA1_Stream3_IRQHandler
 *fill*         0x0000000008000ac6        0x2 
 .text.__libc_init_array
                0x0000000008000ac8       0x48 c:/st/stm32cubeide_1.10.1/stm32cubeide/plugins/com.st.stm32cube.ide.mcu.externaltools.gnu-tools-for-stm32.10.3-2021.10.win32_1.0.100.202210260954/tools/bin/../lib/gcc/arm-none-eabi/10.3.1/../../../../arm-none-eabi/lib/thumb/v7e-m+fp/hard\libc_nano.a(lib_a-init.o)
                0x0000000008000ac8                __libc_init_array
 *(.glue_7)
 .glue_7        0x0000000008000b10        0x0 linker stubs
 *(.glue_7t)
 .glue_7t       0x0000000008000b10        0x0 linker stubs
 *(.eh_frame)
 .eh_frame      0x0000000008000b10        0x0 c:/st/stm32cubeide_1.10.1/stm32cubeide/plugins/com.st.stm32cube.ide.mcu.externaltools.gnu-tools-for-stm32.10.3-2021.10.win32_1.0.100.202210260954/tools/bin/../lib/gcc/arm-none-eabi/10.3.1/thumb/v7e-m+fp/hard/crtbegin.o
 *(.init)
 .init          0x0000000008000b10        0x4 c:/st/stm32cubeide_1.10.1/stm32cubeide/plugins/com.st.stm32cube.ide.mcu.externaltools.gnu-tools-for-stm32.10.3-2021.10.win32_1.0.100.202210260954/tools/bin/../lib/gcc/arm-none-eabi/10.3.1/thumb/v7e-m+fp/hard/crti.o
                0x0000000008000b10                _init
 .init          0x0000000008000b14        0x8 c:/st/stm32cubeide_1.10.1/stm32cubeide/plugins/com.st.stm32cube.ide.mcu.externaltools.gnu-tools-for-stm32.10.3-2021.10.win32_1.0.100.202210260954/tools/bin/../lib/gcc/arm-none-eabi/10.3.1/thumb/v7e-m+fp/hard/crtn.o
 *(.fini)
 .fini          0x0000000008000b1c        0x4 c:/st/stm32cubeide_1.10.1/stm32cubeide/plugins/com.st.stm32cube.ide.mcu.externaltools.gnu-tools-for-stm32.10.3-2021.10.win32_1.0.100.202210260954/tools/bin/../lib/gcc/arm-none-eabi/10.3.1/thumb/v7e-m+fp/hard/crti.o
                0x0000000008000b1c                _fini
 .fini          0x0000000008000b20        0x8 c:/st/stm32cubeide_1.10.1/stm32cubeide/plugins/com.st.stm32cube.ide.mcu.externaltools.gnu-tools-for-stm32.10.3-2021.10.win32_1.0.100.202210260954/tools/bin/../lib/gcc/arm-none-eabi/10.3.1/thumb/v7e-m+fp/hard/crtn.o
                0x0000000008000b28                . = ALIGN (0x4)
                0x0000000008000b28                _etext = .

.vfp11_veneer   0x0000000008000b28        0x0
 .vfp11_veneer  0x0000000008000b28        0x0 linker stubs

.v4_bx          0x0000000008000b28        0x0
 .v4_bx         0x0000000008000b28        0x0 linker stubs

.iplt           0x0000000008000b28        0x0
 .iplt          0x0000000008000b28        0x0 c:/st/stm32cubeide_1.10.1/stm32cubeide/plugins/com.st.stm32cube.ide.mcu.externaltools.gnu-tools-for-stm32.10.3-2021.10.win32_1.0.100.202210260954/tools/bin/../lib/gcc/arm-none-eabi/10.3.1/thumb/v7e-m+fp/hard/crtbegin.o

.rodata         0x0000000008000b28       0x1c
                0x0000000008000b28                . = ALIGN (0x4)
 *(.rodata)
 .rodata        0x0000000008000b28       0x1c ./Src/main.o
 *(.rodata*)
                0x0000000008000b44                . = ALIGN (0x4)

.rel.dyn        0x0000000008000b44        0x0
 .rel.iplt      0x0000000008000b44        0x0 c:/st/stm32cubeide_1.10.1/stm32cubeide/plugins/com.st.stm32cube.ide.mcu.externaltools.gnu-tools-for-stm32.10.3-2021.10.win32_1.0.100.202210260954/tools/bin/../lib/gcc/arm-none-eabi/10.3.1/thumb/v7e-m+fp/hard/crtbegin.o

.ARM.extab      0x0000000008000b44        0x0
                0x0000000008000b44                . = ALIGN (0x4)
 *(.ARM.extab* .gnu.linkonce.armextab.*)
                0x0000000008000b44                . = ALIGN (0x4)

.ARM            0x0000000008000b44        0x0
                0x0000000008000b44                . = ALIGN (0x4)
                0x0000000008000b44                __exidx_start = .
 *(.ARM.exidx*)
                0x0000000008000b44                __exidx_end = .
                0x0000000008000b44                . = ALIGN (0x4)

.preinit_array  0x0000000008000b44        0x0
                0x0000000008000b44                . = ALIGN (0x4)
                0x0000000008000b44                PROVIDE (__preinit_array_start = .)
 *(.preinit_array*)
                0x0000000008000b44                PROVIDE (__preinit_array_end = .)
                0x0000000008000b44                . = ALIGN (0x4)

.init_array     0x0000000008000b44        0x4
                0x0000000008000b44                . = ALIGN (0x4)
                0x0000000008000b44                PROVIDE (__init_array_start = .)
 *(SORT_BY_NAME(.init_array.*))
 *(.init_array*)
 .init_array    0x0000000008000b44        0x4 c:/st/stm32cubeide_1.10.1/stm32cubeide/plugins/com.st.stm32cube.ide.mcu.externaltools.gnu-tools-for-stm32.10.3-2021.10.win32_1.0.100.202210260954/tools/bin/../lib/gcc/arm-none-eabi/10.3.1/thumb/v7e-m+fp/hard/crtbegin.o
                0x0000000008000b48                PROVIDE (__init_array_end = .)
                0x0000000008000b48                . = ALIGN (0x4)

.fini_array     0x0000000008000b48        0x4
                0x0000000008000b48                . = ALIGN (0x4)
                [!provide]                        PROVIDE (__fini_array_start = .)
 *(SORT_BY_NAME(.fini_array.*))
 *(.fini_array*)
 .fini_array    0x0000000008000b48        0x4 c:/st/stm32cubeide_1.10.1/stm32cubeide/plugins/com.st.stm32cube.ide.mcu.externaltools.gnu-tools-for-stm32.10.3-2021.10.win32_1.0.100.202210260954/tools/bin/../lib/gcc/arm-none-eabi/10.3.1/thumb/v7e-m+fp/hard/crtbegin.o
                [!provide]                        PROVIDE (__fini_array_end = .)
                0x0000000008000b4c                . = ALIGN (0x4)
                0x0000000008000b4c                _sidata = LOADADDR (.data)

.data           0x0000000020000000        0xc load address 0x0000000008000b4c
                0x0000000020000000                . = ALIGN (0x4)
                0x0000000020000000                _sdata = .
 *(.data)
 *(.data*)
 .data.SSD_NUMBER_ARRAY
                0x0000000020000000        0xb ./Src/02-HAL/1-SevenSegment/SevenSeg_Program.o
                0x0000000020000000                SSD_NUMBER_ARRAY
 *(.RamFunc)
 *(.RamFunc*)
                0x000000002000000c                . = ALIGN (0x4)
 *fill*         0x000000002000000b        0x1 
                0x000000002000000c                _edata = .

.igot.plt       0x000000002000000c        0x0 load address 0x0000000008000b58
 .igot.plt      0x000000002000000c        0x0 c:/st/stm32cubeide_1.10.1/stm32cubeide/plugins/com.st.stm32cube.ide.mcu.externaltools.gnu-tools-for-stm32.10.3-2021.10.win32_1.0.100.202210260954/tools/bin/../lib/gcc/arm-none-eabi/10.3.1/thumb/v7e-m+fp/hard/crtbegin.o
                0x000000002000000c                . = ALIGN (0x4)

.bss            0x000000002000000c       0x80 load address 0x0000000008000b58
                0x000000002000000c                _sbss = .
                0x000000002000000c                __bss_start__ = _sbss
 *(.bss)
 .bss           0x000000002000000c       0x1c c:/st/stm32cubeide_1.10.1/stm32cubeide/plugins/com.st.stm32cube.ide.mcu.externaltools.gnu-tools-for-stm32.10.3-2021.10.win32_1.0.100.202210260954/tools/bin/../lib/gcc/arm-none-eabi/10.3.1/thumb/v7e-m+fp/hard/crtbegin.o
 *(.bss*)
 .bss.EXTI_CallBack
                0x0000000020000028       0x40 ./Src/01-MCAL/03-EXTI/EXTI_program.o
 .bss.USART1_CallBack
                0x0000000020000068        0x4 ./Src/01-MCAL/06-USART/USART_program.o
                0x0000000020000068                USART1_CallBack
 .bss.USART2_CallBack
                0x000000002000006c        0x4 ./Src/01-MCAL/06-USART/USART_program.o
                0x000000002000006c                USART2_CallBack
 .bss.USART6_CallBack
                0x0000000020000070        0x4 ./Src/01-MCAL/06-USART/USART_program.o
                0x0000000020000070                USART6_CallBack
 .bss.Timer1_CallBack_PTR
                0x0000000020000074        0x4 ./Src/01-MCAL/11-TIMER/TIMER_program.o
 .bss.Timer2_CallBack_PTR
                0x0000000020000078        0x4 ./Src/01-MCAL/11-TIMER/TIMER_program.o
 .bss.Timer3_CallBack_PTR
                0x000000002000007c        0x4 ./Src/01-MCAL/11-TIMER/TIMER_program.o
 .bss.Timer4_CallBack_PTR
                0x0000000020000080        0x4 ./Src/01-MCAL/11-TIMER/TIMER_program.o
 .bss.SSD_OBJ   0x0000000020000084        0x5 ./Src/main.o
                0x0000000020000084                SSD_OBJ
 *(COMMON)
                0x000000002000008c                . = ALIGN (0x4)
 *fill*         0x0000000020000089        0x3 
                0x000000002000008c                _ebss = .
                0x000000002000008c                __bss_end__ = _ebss

._user_heap_stack
                0x000000002000008c      0x604 load address 0x0000000008000b58
                0x0000000020000090                . = ALIGN (0x8)
 *fill*         0x000000002000008c        0x4 
                [!provide]                        PROVIDE (end = .)
                0x0000000020000090                PROVIDE (_end = .)
                0x0000000020000290                . = (. + _Min_Heap_Size)
 *fill*         0x0000000020000090      0x200 
                0x0000000020000690                . = (. + _Min_Stack_Size)
 *fill*         0x0000000020000290      0x400 
                0x0000000020000690                . = ALIGN (0x8)

/DISCARD/
 libc.a(*)
 libm.a(*)
 libgcc.a(*)

.ARM.attributes
                0x0000000000000000       0x30
 *(.ARM.attributes)
 .ARM.attributes
                0x0000000000000000       0x1e c:/st/stm32cubeide_1.10.1/stm32cubeide/plugins/com.st.stm32cube.ide.mcu.externaltools.gnu-tools-for-stm32.10.3-2021.10.win32_1.0.100.202210260954/tools/bin/../lib/gcc/arm-none-eabi/10.3.1/thumb/v7e-m+fp/hard/crti.o
 .ARM.attributes
                0x000000000000001e       0x34 c:/st/stm32cubeide_1.10.1/stm32cubeide/plugins/com.st.stm32cube.ide.mcu.externaltools.gnu-tools-for-stm32.10.3-2021.10.win32_1.0.100.202210260954/tools/bin/../lib/gcc/arm-none-eabi/10.3.1/thumb/v7e-m+fp/hard/crtbegin.o
 .ARM.attributes
                0x0000000000000052       0x34 ./Src/01-MCAL/00-RCC/RCC_program.o
 .ARM.attributes
                0x0000000000000086       0x34 ./Src/01-MCAL/01-PORT/PORT_program.o
 .ARM.attributes
                0x00000000000000ba       0x34 ./Src/01-MCAL/02-GPIO/GPIO_program.o
 .ARM.attributes
                0x00000000000000ee       0x34 ./Src/01-MCAL/03-EXTI/EXTI_program.o
 .ARM.attributes
                0x0000000000000122       0x34 ./Src/01-MCAL/06-USART/USART_program.o
 .ARM.attributes
                0x0000000000000156       0x34 ./Src/01-MCAL/11-TIMER/TIMER_program.o
 .ARM.attributes
                0x000000000000018a       0x34 ./Src/02-HAL/1-SevenSegment/SevenSeg_Program.o
 .ARM.attributes
                0x00000000000001be       0x34 ./Src/main.o
 .ARM.attributes
                0x00000000000001f2       0x21 ./Startup/startup_stm32f401ccux.o
 .ARM.attributes
                0x0000000000000213       0x34 c:/st/stm32cubeide_1.10.1/stm32cubeide/plugins/com.st.stm32cube.ide.mcu.externaltools.gnu-tools-for-stm32.10.3-2021.10.win32_1.0.100.202210260954/tools/bin/../lib/gcc/arm-none-eabi/10.3.1/../../../../arm-none-eabi/lib/thumb/v7e-m+fp/hard\libc_nano.a(lib_a-init.o)
 .ARM.attributes
                0x0000000000000247       0x1e c:/st/stm32cubeide_1.10.1/stm32cubeide/plugins/com.st.stm32cube.ide.mcu.externaltools.gnu-tools-for-stm32.10.3-2021.10.win32_1.0.100.202210260954/tools/bin/../lib/gcc/arm-none-eabi/10.3.1/thumb/v7e-m+fp/hard/crtn.o
OUTPUT(UART_7seg.elf elf32-littlearm)
LOAD linker stubs
LOAD c:/st/stm32cubeide_1.10.1/stm32cubeide/plugins/com.st.stm32cube.ide.mcu.externaltools.gnu-tools-for-stm32.10.3-2021.10.win32_1.0.100.202210260954/tools/bin/../lib/gcc/arm-none-eabi/10.3.1/../../../../arm-none-eabi/lib/thumb/v7e-m+fp/hard\libc.a
LOAD c:/st/stm32cubeide_1.10.1/stm32cubeide/plugins/com.st.stm32cube.ide.mcu.externaltools.gnu-tools-for-stm32.10.3-2021.10.win32_1.0.100.202210260954/tools/bin/../lib/gcc/arm-none-eabi/10.3.1/../../../../arm-none-eabi/lib/thumb/v7e-m+fp/hard\libm.a
LOAD c:/st/stm32cubeide_1.10.1/stm32cubeide/plugins/com.st.stm32cube.ide.mcu.externaltools.gnu-tools-for-stm32.10.3-2021.10.win32_1.0.100.202210260954/tools/bin/../lib/gcc/arm-none-eabi/10.3.1/thumb/v7e-m+fp/hard\libgcc.a

.debug_info     0x0000000000000000     0x1e63
 .debug_info    0x0000000000000000      0x309 ./Src/01-MCAL/00-RCC/RCC_program.o
 .debug_info    0x0000000000000309       0x8e ./Src/01-MCAL/01-PORT/PORT_program.o
 .debug_info    0x0000000000000397      0x388 ./Src/01-MCAL/02-GPIO/GPIO_program.o
 .debug_info    0x000000000000071f      0x361 ./Src/01-MCAL/03-EXTI/EXTI_program.o
 .debug_info    0x0000000000000a80      0x586 ./Src/01-MCAL/06-USART/USART_program.o
 .debug_info    0x0000000000001006      0x784 ./Src/01-MCAL/11-TIMER/TIMER_program.o
 .debug_info    0x000000000000178a      0x207 ./Src/02-HAL/1-SevenSegment/SevenSeg_Program.o
 .debug_info    0x0000000000001991      0x4b0 ./Src/main.o
 .debug_info    0x0000000000001e41       0x22 ./Startup/startup_stm32f401ccux.o

.debug_abbrev   0x0000000000000000      0x93a
 .debug_abbrev  0x0000000000000000       0xe7 ./Src/01-MCAL/00-RCC/RCC_program.o
 .debug_abbrev  0x00000000000000e7       0x4b ./Src/01-MCAL/01-PORT/PORT_program.o
 .debug_abbrev  0x0000000000000132      0x115 ./Src/01-MCAL/02-GPIO/GPIO_program.o
 .debug_abbrev  0x0000000000000247      0x128 ./Src/01-MCAL/03-EXTI/EXTI_program.o
 .debug_abbrev  0x000000000000036f      0x15a ./Src/01-MCAL/06-USART/USART_program.o
 .debug_abbrev  0x00000000000004c9      0x1b3 ./Src/01-MCAL/11-TIMER/TIMER_program.o
 .debug_abbrev  0x000000000000067c      0x112 ./Src/02-HAL/1-SevenSegment/SevenSeg_Program.o
 .debug_abbrev  0x000000000000078e      0x19a ./Src/main.o
 .debug_abbrev  0x0000000000000928       0x12 ./Startup/startup_stm32f401ccux.o

.debug_aranges  0x0000000000000000      0x280
 .debug_aranges
                0x0000000000000000       0x30 ./Src/01-MCAL/00-RCC/RCC_program.o
 .debug_aranges
                0x0000000000000030       0x20 ./Src/01-MCAL/01-PORT/PORT_program.o
 .debug_aranges
                0x0000000000000050       0x48 ./Src/01-MCAL/02-GPIO/GPIO_program.o
 .debug_aranges
                0x0000000000000098       0x78 ./Src/01-MCAL/03-EXTI/EXTI_program.o
 .debug_aranges
                0x0000000000000110       0x78 ./Src/01-MCAL/06-USART/USART_program.o
 .debug_aranges
                0x0000000000000188       0x78 ./Src/01-MCAL/11-TIMER/TIMER_program.o
 .debug_aranges
                0x0000000000000200       0x20 ./Src/02-HAL/1-SevenSegment/SevenSeg_Program.o
 .debug_aranges
                0x0000000000000220       0x38 ./Src/main.o
 .debug_aranges
                0x0000000000000258       0x28 ./Startup/startup_stm32f401ccux.o

.debug_ranges   0x0000000000000000      0x1f8
 .debug_ranges  0x0000000000000000       0x20 ./Src/01-MCAL/00-RCC/RCC_program.o
 .debug_ranges  0x0000000000000020       0x10 ./Src/01-MCAL/01-PORT/PORT_program.o
 .debug_ranges  0x0000000000000030       0x38 ./Src/01-MCAL/02-GPIO/GPIO_program.o
 .debug_ranges  0x0000000000000068       0x68 ./Src/01-MCAL/03-EXTI/EXTI_program.o
 .debug_ranges  0x00000000000000d0       0x68 ./Src/01-MCAL/06-USART/USART_program.o
 .debug_ranges  0x0000000000000138       0x68 ./Src/01-MCAL/11-TIMER/TIMER_program.o
 .debug_ranges  0x00000000000001a0       0x10 ./Src/02-HAL/1-SevenSegment/SevenSeg_Program.o
 .debug_ranges  0x00000000000001b0       0x28 ./Src/main.o
 .debug_ranges  0x00000000000001d8       0x20 ./Startup/startup_stm32f401ccux.o

.debug_macro    0x0000000000000000     0x16c6
 .debug_macro   0x0000000000000000       0x3e ./Src/01-MCAL/00-RCC/RCC_program.o
 .debug_macro   0x000000000000003e       0x28 ./Src/01-MCAL/00-RCC/RCC_program.o
 .debug_macro   0x0000000000000066       0x76 ./Src/01-MCAL/00-RCC/RCC_program.o
 .debug_macro   0x00000000000000dc      0x2c2 ./Src/01-MCAL/00-RCC/RCC_program.o
 .debug_macro   0x000000000000039e       0x88 ./Src/01-MCAL/00-RCC/RCC_program.o
 .debug_macro   0x0000000000000426       0x22 ./Src/01-MCAL/00-RCC/RCC_program.o
 .debug_macro   0x0000000000000448       0x48 ./Src/01-MCAL/01-PORT/PORT_program.o
 .debug_macro   0x0000000000000490      0x30a ./Src/01-MCAL/01-PORT/PORT_program.o
 .debug_macro   0x000000000000079a      0x162 ./Src/01-MCAL/01-PORT/PORT_program.o
 .debug_macro   0x00000000000008fc      0x4fa ./Src/01-MCAL/01-PORT/PORT_program.o
 .debug_macro   0x0000000000000df6       0x35 ./Src/01-MCAL/02-GPIO/GPIO_program.o
 .debug_macro   0x0000000000000e2b       0x34 ./Src/01-MCAL/02-GPIO/GPIO_program.o
 .debug_macro   0x0000000000000e5f       0x28 ./Src/01-MCAL/02-GPIO/GPIO_program.o
 .debug_macro   0x0000000000000e87       0x3f ./Src/01-MCAL/03-EXTI/EXTI_program.o
 .debug_macro   0x0000000000000ec6       0x1c ./Src/01-MCAL/03-EXTI/EXTI_program.o
 .debug_macro   0x0000000000000ee2       0x16 ./Src/01-MCAL/03-EXTI/EXTI_program.o
 .debug_macro   0x0000000000000ef8       0x3e ./Src/01-MCAL/06-USART/USART_program.o
 .debug_macro   0x0000000000000f36       0x8e ./Src/01-MCAL/06-USART/USART_program.o
 .debug_macro   0x0000000000000fc4       0x16 ./Src/01-MCAL/06-USART/USART_program.o
 .debug_macro   0x0000000000000fda       0x2e ./Src/01-MCAL/06-USART/USART_program.o
 .debug_macro   0x0000000000001008       0x3f ./Src/01-MCAL/11-TIMER/TIMER_program.o
 .debug_macro   0x0000000000001047       0x46 ./Src/01-MCAL/11-TIMER/TIMER_program.o
 .debug_macro   0x000000000000108d       0x48 ./Src/01-MCAL/11-TIMER/TIMER_program.o
 .debug_macro   0x00000000000010d5       0x47 ./Src/02-HAL/1-SevenSegment/SevenSeg_Program.o
 .debug_macro   0x000000000000111c       0x16 ./Src/02-HAL/1-SevenSegment/SevenSeg_Program.o
 .debug_macro   0x0000000000001132       0x5e ./Src/02-HAL/1-SevenSegment/SevenSeg_Program.o
 .debug_macro   0x0000000000001190       0x1c ./Src/02-HAL/1-SevenSegment/SevenSeg_Program.o
 .debug_macro   0x00000000000011ac       0xb7 ./Src/main.o
 .debug_macro   0x0000000000001263       0x22 ./Src/main.o
 .debug_macro   0x0000000000001285       0x8e ./Src/main.o
 .debug_macro   0x0000000000001313       0x51 ./Src/main.o
 .debug_macro   0x0000000000001364      0x103 ./Src/main.o
 .debug_macro   0x0000000000001467       0x6a ./Src/main.o
 .debug_macro   0x00000000000014d1      0x1df ./Src/main.o
 .debug_macro   0x00000000000016b0       0x16 ./Src/main.o

.debug_line     0x0000000000000000     0x16de
 .debug_line    0x0000000000000000      0x17a ./Src/01-MCAL/00-RCC/RCC_program.o
 .debug_line    0x000000000000017a      0x143 ./Src/01-MCAL/01-PORT/PORT_program.o
 .debug_line    0x00000000000002bd      0x234 ./Src/01-MCAL/02-GPIO/GPIO_program.o
 .debug_line    0x00000000000004f1      0x25d ./Src/01-MCAL/03-EXTI/EXTI_program.o
 .debug_line    0x000000000000074e      0x337 ./Src/01-MCAL/06-USART/USART_program.o
 .debug_line    0x0000000000000a85      0x4dc ./Src/01-MCAL/11-TIMER/TIMER_program.o
 .debug_line    0x0000000000000f61      0x1a4 ./Src/02-HAL/1-SevenSegment/SevenSeg_Program.o
 .debug_line    0x0000000000001105      0x555 ./Src/main.o
 .debug_line    0x000000000000165a       0x84 ./Startup/startup_stm32f401ccux.o

.debug_str      0x0000000000000000     0x9e6d
 .debug_str     0x0000000000000000     0x4059 ./Src/01-MCAL/00-RCC/RCC_program.o
                                       0x40d5 (size before relaxing)
 .debug_str     0x0000000000004059     0x37e3 ./Src/01-MCAL/01-PORT/PORT_program.o
                                       0x68c0 (size before relaxing)
 .debug_str     0x000000000000783c      0x340 ./Src/01-MCAL/02-GPIO/GPIO_program.o
                                       0x3422 (size before relaxing)
 .debug_str     0x0000000000007b7c      0x341 ./Src/01-MCAL/03-EXTI/EXTI_program.o
                                       0x342b (size before relaxing)
 .debug_str     0x0000000000007ebd      0x8a1 ./Src/01-MCAL/06-USART/USART_program.o
                                       0x397e (size before relaxing)
 .debug_str     0x000000000000875e      0x66a ./Src/01-MCAL/11-TIMER/TIMER_program.o
                                       0x374c (size before relaxing)
 .debug_str     0x0000000000008dc8      0x245 ./Src/02-HAL/1-SevenSegment/SevenSeg_Program.o
                                       0x348f (size before relaxing)
 .debug_str     0x000000000000900d      0xe2f ./Src/main.o
                                       0x4682 (size before relaxing)
 .debug_str     0x0000000000009e3c       0x31 ./Startup/startup_stm32f401ccux.o
                                         0x77 (size before relaxing)

.comment        0x0000000000000000       0x50
 .comment       0x0000000000000000       0x50 ./Src/01-MCAL/00-RCC/RCC_program.o
                                         0x51 (size before relaxing)
 .comment       0x0000000000000050       0x51 ./Src/01-MCAL/01-PORT/PORT_program.o
 .comment       0x0000000000000050       0x51 ./Src/01-MCAL/02-GPIO/GPIO_program.o
 .comment       0x0000000000000050       0x51 ./Src/01-MCAL/03-EXTI/EXTI_program.o
 .comment       0x0000000000000050       0x51 ./Src/01-MCAL/06-USART/USART_program.o
 .comment       0x0000000000000050       0x51 ./Src/01-MCAL/11-TIMER/TIMER_program.o
 .comment       0x0000000000000050       0x51 ./Src/02-HAL/1-SevenSegment/SevenSeg_Program.o
 .comment       0x0000000000000050       0x51 ./Src/main.o

.debug_frame    0x0000000000000000      0x7e0
 .debug_frame   0x0000000000000000       0x80 ./Src/01-MCAL/00-RCC/RCC_program.o
 .debug_frame   0x0000000000000080       0x30 ./Src/01-MCAL/01-PORT/PORT_program.o
 .debug_frame   0x00000000000000b0      0x104 ./Src/01-MCAL/02-GPIO/GPIO_program.o
 .debug_frame   0x00000000000001b4      0x1b4 ./Src/01-MCAL/03-EXTI/EXTI_program.o
 .debug_frame   0x0000000000000368      0x1c8 ./Src/01-MCAL/06-USART/USART_program.o
 .debug_frame   0x0000000000000530      0x1bc ./Src/01-MCAL/11-TIMER/TIMER_program.o
 .debug_frame   0x00000000000006ec       0x38 ./Src/02-HAL/1-SevenSegment/SevenSeg_Program.o
 .debug_frame   0x0000000000000724       0x90 ./Src/main.o
 .debug_frame   0x00000000000007b4       0x2c c:/st/stm32cubeide_1.10.1/stm32cubeide/plugins/com.st.stm32cube.ide.mcu.externaltools.gnu-tools-for-stm32.10.3-2021.10.win32_1.0.100.202210260954/tools/bin/../lib/gcc/arm-none-eabi/10.3.1/../../../../arm-none-eabi/lib/thumb/v7e-m+fp/hard\libc_nano.a(lib_a-init.o)
