../Src/01-MCAL/03-EXTI/EXTI_program.c:20:6:EXTI_voidInit	16	static
../Src/01-MCAL/03-EXTI/EXTI_program.c:37:6:EXTI_voidTriggerSelection	16	static
../Src/01-MCAL/03-EXTI/EXTI_program.c:50:6:EXTI_voidEnableEXTI	16	static
../Src/01-MCAL/03-EXTI/EXTI_program.c:55:6:EXTI_voidDisableEXTI	16	static
../Src/01-MCAL/03-EXTI/EXTI_program.c:60:6:EXTI_voidClearPendingFlag	16	static
../Src/01-MCAL/03-EXTI/EXTI_program.c:65:6:EXTI_voidSoftwareTrigger	16	static
../Src/01-MCAL/03-EXTI/EXTI_program.c:70:6:EXTI_voidSetCallBack	16	static
../Src/01-MCAL/03-EXTI/EXTI_program.c:75:6:EXTI0_IRQHandler	8	static
../Src/01-MCAL/03-EXTI/EXTI_program.c:82:6:EXTI1_IRQHandler	8	static
../Src/01-MCAL/03-EXTI/EXTI_program.c:89:6:EXTI2_IRQHandler	8	static
../Src/01-MCAL/03-EXTI/EXTI_program.c:96:6:EXTI3_IRQHandler	8	static
../Src/01-MCAL/03-EXTI/EXTI_program.c:103:6:EXTI4_IRQHandler	8	static
